#
# There is insufficient memory for the Java Runtime Environment to continue.
# Native memory allocation (mmap) failed to map 427819008 bytes. Error detail: G1 virtual space
# Possible reasons:
#   The system is out of physical RAM or swap space
#   This process is running with CompressedOops enabled, and the Java Heap may be blocking the growth of the native heap
# Possible solutions:
#   Reduce memory load on the system
#   Increase physical memory or swap space
#   Check if swap backing store is full
#   Decrease Java heap size (-Xmx/-Xms)
#   Decrease number of Java threads
#   Decrease Java thread stack sizes (-Xss)
#   Set larger code cache with -XX:ReservedCodeCacheSize=
#   JVM is running with Unscaled Compressed Oops mode in which the Java heap is
#     placed in the first 4GB address space. The Java Heap base address is the
#     maximum limit for the native heap growth. Please use -XX:HeapBaseMinAddress
#     to set the Java Heap base and to place the Java Heap above 4GB virtual address.
# This output file may be truncated or incomplete.
#
#  Out of Memory Error (os_windows.cpp:3583), pid=31640, tid=37612
#
# JRE version: OpenJDK Runtime Environment (26.0+35) (build 26+35-2893)
# Java VM: OpenJDK 64-Bit Server VM (26+35-2893, mixed mode, emulated-client, sharing, tiered, compressed oops, compressed class ptrs, g1 gc, windows-amd64)
# No core dump will be written. Minidumps are not enabled by default on client versions of Windows
#

---------------  S U M M A R Y ------------

Command Line: -XX:TieredStopAtLevel=1 -Dspring.output.ansi.enabled=always -javaagent:C:\Program Files\JetBrains\IntelliJ IDEA 2025.3.4\lib\idea_rt.jar=59225 -Dfile.encoding=UTF-8 -Dsun.stdout.encoding=UTF-8 -Dsun.stderr.encoding=UTF-8 com.example.mroojBE.MroojBeApplication

Host: 12th Gen Intel(R) Core(TM) i5-1235U, 12 cores, 7G,  Windows 11 , 64 bit Build 26100 (10.0.26100.8972)
Time: Mon Aug  3 12:26:05 2026 Arabian Standard Time elapsed time: 479.927870 seconds (0d 0h 7m 59s)

---------------  T H R E A D  ---------------

Current thread (0x00000194c499e360):  VMThread "VM Thread"          [id=37612, stack(0x00000020ad300000,0x00000020ad400000) (1024K)]

Stack: [0x00000020ad300000,0x00000020ad400000]
Native frames: (J=compiled Java code, j=interpreted, Vv=VM code, C=native code)
V  [jvm.dll+0x7d5719]  (no source info available)
V  [jvm.dll+0x7a367d]  (no source info available)
V  [jvm.dll+0x9b0aa0]  (no source info available)
V  [jvm.dll+0x9b2ef1]  (no source info available)
V  [jvm.dll+0x9b3603]  (no source info available)
V  [jvm.dll+0x30de86]  (no source info available)
V  [jvm.dll+0x7d4be5]  (no source info available)
V  [jvm.dll+0x7c7da7]  (no source info available)
V  [jvm.dll+0x4086f8]  (no source info available)
V  [jvm.dll+0x410a66]  (no source info available)
V  [jvm.dll+0x3fce04]  (no source info available)
V  [jvm.dll+0x3fd0f5]  (no source info available)
V  [jvm.dll+0x3d3a7f]  (no source info available)
V  [jvm.dll+0x3d6cec]  (no source info available)
V  [jvm.dll+0x4222fc]  (no source info available)
V  [jvm.dll+0x420c43]  (no source info available)
V  [jvm.dll+0x3d3218]  (no source info available)
V  [jvm.dll+0x420003]  (no source info available)
V  [jvm.dll+0x9b9ab1]  (no source info available)
V  [jvm.dll+0x9baa7b]  (no source info available)
V  [jvm.dll+0x9baf8c]  (no source info available)
V  [jvm.dll+0x9bb409]  (no source info available)
V  [jvm.dll+0x9bb6b3]  (no source info available)
V  [jvm.dll+0x94f4e9]  (no source info available)
V  [jvm.dll+0x7d71f8]  (no source info available)
C  [ucrtbase.dll+0x2cd30]  (no source info available)
C  [KERNEL32.DLL+0x2ccb7]  (no source info available)
C  [ntdll.dll+0xaad6c]  (no source info available)

VM_Operation (0x00000020af2f7208): G1CollectForAllocation, mode: safepoint, requested by thread 0x00000194cb7a9ec0


---------------  P R O C E S S  ---------------

Threads class SMR info:
_java_thread_list=0x00000194cb5a9740, length=28, elements={
0x00000194c49ae2f0, 0x00000194c49af8b0, 0x00000194c49b44d0, 0x00000194c49b6090,
0x00000194c49b97c0, 0x00000194c49cabc0, 0x00000194c49d5ac0, 0x00000194c4aeb2a0,
0x00000194c4e57b20, 0x00000194c90861a0, 0x00000194ca183010, 0x00000194ca18c0e0,
0x00000194ca18b7d0, 0x00000194ca1b7390, 0x00000194c99507e0, 0x00000194cb7aa690,
0x00000194cb7ab630, 0x00000194cb7a9ec0, 0x00000194cb7a7f80, 0x00000194cb7a8f20,
0x00000194cb7b4660, 0x00000194cb7b2720, 0x00000194cb7b2ef0, 0x00000194cb7b3e90,
0x00000194cb7b7d10, 0x00000194cb7b4e30, 0x00000194cb7b65a0, 0x00000194cb7fab90
}

Java Threads: ( => current thread )
  0x00000194c49ae2f0 JavaThread "Reference Handler"          daemon [_thread_blocked, id=26364, stack(0x00000020ad400000,0x00000020ad500000) (1024K)]
  0x00000194c49af8b0 JavaThread "Finalizer"                  daemon [_thread_blocked, id=17540, stack(0x00000020ad500000,0x00000020ad600000) (1024K)]
  0x00000194c49b44d0 JavaThread "Signal Dispatcher"          daemon [_thread_blocked, id=39440, stack(0x00000020ad600000,0x00000020ad700000) (1024K)]
  0x00000194c49b6090 JavaThread "Attach Listener"            daemon [_thread_blocked, id=24908, stack(0x00000020ad700000,0x00000020ad800000) (1024K)]
  0x00000194c49b97c0 JavaThread "Service Thread"             daemon [_thread_blocked, id=16632, stack(0x00000020ad800000,0x00000020ad900000) (1024K)]
  0x00000194c49cabc0 JavaThread "Monitor Deflation Thread"   daemon [_thread_blocked, id=13744, stack(0x00000020ad900000,0x00000020ada00000) (1024K)]
  0x00000194c49d5ac0 JavaThread "C1 CompilerThread0"         daemon [_thread_blocked, id=4708, stack(0x00000020ada00000,0x00000020adb00000) (1024K)]
  0x00000194c4aeb2a0 JavaThread "Common-Cleaner"             daemon [_thread_blocked, id=39348, stack(0x00000020adb00000,0x00000020adc00000) (1024K)]
  0x00000194c4e57b20 JavaThread "Monitor Ctrl-Break"         daemon [_thread_in_native, id=36996, stack(0x00000020adf00000,0x00000020ae000000) (1024K)]
  0x00000194c90861a0 JavaThread "Notification Thread"        daemon [_thread_blocked, id=4076, stack(0x00000020ae000000,0x00000020ae100000) (1024K)]
  0x00000194ca183010 JavaThread "Catalina-utility-1"                [_thread_blocked, id=24584, stack(0x00000020ae600000,0x00000020ae700000) (1024K)]
  0x00000194ca18c0e0 JavaThread "Catalina-utility-2"                [_thread_blocked, id=10924, stack(0x00000020aeb00000,0x00000020aec00000) (1024K)]
  0x00000194ca18b7d0 JavaThread "container-0"                       [_thread_blocked, id=43200, stack(0x00000020aec00000,0x00000020aed00000) (1024K)]
  0x00000194ca1b7390 JavaThread "mysql-cj-abandoned-connection-cleanup" daemon [_thread_blocked, id=41656, stack(0x00000020aed00000,0x00000020aee00000) (1024K)]
  0x00000194c99507e0 JavaThread "HikariPool-1:housekeeper"   daemon [_thread_blocked, id=26688, stack(0x00000020aef00000,0x00000020af000000) (1024K)]
  0x00000194cb7aa690 JavaThread "http-nio-8080-exec-1"       daemon [_thread_blocked, id=38300, stack(0x00000020af000000,0x00000020af100000) (1024K)]
  0x00000194cb7ab630 JavaThread "http-nio-8080-exec-2"       daemon [_thread_blocked, id=40136, stack(0x00000020af100000,0x00000020af200000) (1024K)]
  0x00000194cb7a9ec0 JavaThread "http-nio-8080-exec-3"       daemon [_thread_blocked, id=31896, stack(0x00000020af200000,0x00000020af300000) (1024K)]
  0x00000194cb7a7f80 JavaThread "http-nio-8080-exec-4"       daemon [_thread_blocked, id=2296, stack(0x00000020af300000,0x00000020af400000) (1024K)]
  0x00000194cb7a8f20 JavaThread "http-nio-8080-exec-5"       daemon [_thread_blocked, id=21320, stack(0x00000020af400000,0x00000020af500000) (1024K)]
  0x00000194cb7b4660 JavaThread "http-nio-8080-exec-6"       daemon [_thread_blocked, id=38652, stack(0x00000020af500000,0x00000020af600000) (1024K)]
  0x00000194cb7b2720 JavaThread "http-nio-8080-exec-7"       daemon [_thread_blocked, id=8456, stack(0x00000020af600000,0x00000020af700000) (1024K)]
  0x00000194cb7b2ef0 JavaThread "http-nio-8080-exec-8"       daemon [_thread_blocked, id=27472, stack(0x00000020af700000,0x00000020af800000) (1024K)]
  0x00000194cb7b3e90 JavaThread "http-nio-8080-exec-9"       daemon [_thread_blocked, id=16244, stack(0x00000020af800000,0x00000020af900000) (1024K)]
  0x00000194cb7b7d10 JavaThread "http-nio-8080-exec-10"      daemon [_thread_blocked, id=25464, stack(0x00000020af900000,0x00000020afa00000) (1024K)]
  0x00000194cb7b4e30 JavaThread "http-nio-8080-Poller"       daemon [_thread_blocked, id=28356, stack(0x00000020afa00000,0x00000020afb00000) (1024K)]
  0x00000194cb7b65a0 JavaThread "http-nio-8080-Acceptor"     daemon [_thread_in_native, id=40980, stack(0x00000020afb00000,0x00000020afc00000) (1024K)]
  0x00000194cb7fab90 JavaThread "DestroyJavaVM"                     [_thread_blocked, id=36008, stack(0x00000020acb00000,0x00000020acc00000) (1024K)]
Total: 28

Other Threads:
=>0x00000194c499e360 VMThread "VM Thread"                           [id=37612, stack(0x00000020ad300000,0x00000020ad400000) (1024K)]
  0x00000194c498aa10 WatcherThread "VM Periodic Task Thread"        [id=35664, stack(0x00000020ad200000,0x00000020ad300000) (1024K)]
  0x00000194b31b32f0 WorkerThread "GC Thread#0"                     [id=29232, stack(0x00000020acc00000,0x00000020acd00000) (1024K)]
  0x00000194c4d2b2c0 WorkerThread "GC Thread#1"                     [id=4112, stack(0x00000020adc00000,0x00000020add00000) (1024K)]
  0x00000194c9818a20 WorkerThread "GC Thread#2"                     [id=36900, stack(0x00000020ae200000,0x00000020ae300000) (1024K)]
  0x00000194c9129ad0 WorkerThread "GC Thread#3"                     [id=25988, stack(0x00000020ae300000,0x00000020ae400000) (1024K)]
  0x00000194c9129ef0 WorkerThread "GC Thread#4"                     [id=42736, stack(0x00000020ae400000,0x00000020ae500000) (1024K)]
  0x00000194c9657010 WorkerThread "GC Thread#5"                     [id=18780, stack(0x00000020ae500000,0x00000020ae600000) (1024K)]
  0x00000194c946d570 WorkerThread "GC Thread#6"                     [id=28108, stack(0x00000020ae700000,0x00000020ae800000) (1024K)]
  0x00000194c9529770 WorkerThread "GC Thread#7"                     [id=4548, stack(0x00000020ae800000,0x00000020ae900000) (1024K)]
  0x00000194c9528ed0 WorkerThread "GC Thread#8"                     [id=33348, stack(0x00000020ae900000,0x00000020aea00000) (1024K)]
  0x00000194c95281e0 WorkerThread "GC Thread#9"                     [id=22896, stack(0x00000020aea00000,0x00000020aeb00000) (1024K)]
  0x00000194b31cb250 ConcurrentGCThread "G1 Main Marker"            [id=14928, stack(0x00000020acd00000,0x00000020ace00000) (1024K)]
  0x00000194b31cf340 WorkerThread "G1 Conc#0"                       [id=21796, stack(0x00000020ace00000,0x00000020acf00000) (1024K)]
  0x00000194c4d5d570 WorkerThread "G1 Conc#1"                       [id=41284, stack(0x00000020add00000,0x00000020ade00000) (1024K)]
  0x00000194c4d603c0 WorkerThread "G1 Conc#2"                       [id=38536, stack(0x00000020ade00000,0x00000020adf00000) (1024K)]
  0x00000194b3217860 WorkerThread "G1 Refinement Workers#0"         [id=43756, stack(0x00000020ad000000,0x00000020ad100000) (1024K)]
  0x00000194b3216ea0 ConcurrentGCThread "G1 Refine Control"         [id=44608, stack(0x00000020acf00000,0x00000020ad000000) (1024K)]
  0x00000194b321d100 ConcurrentGCThread "G1 Service"                [id=37504, stack(0x00000020ad100000,0x00000020ad200000) (1024K)]
Total: 19

Threads with active compile tasks:
Total: 0

VM state: at safepoint (normal execution)

VM Mutex/Monitor currently owned by a thread:  ([mutex/lock_event])
[0x00007ffaf3b8ed08] Threads_lock - owner thread: 0x00000194c499e360
[0x00007ffaf3b8ef88] Heap_lock - owner thread: 0x00000194cb7a9ec0

Heap address: 0x0000000085200000, size: 1966 MB, Compressed Oops mode: 32-bit

CDS archive(s) mapped at: [0x0000000030000000-0x0000000030de0000-0x0000000030de0000), size 14548992, SharedBaseAddress: 0x0000000030000000, ArchiveRelocationMode: 1.
Compressed class space mapped at: 0x0000000031000000-0x0000000071000000, reserved size: 1073741824
UseCompressedClassPointers 1, UseCompactObjectHeaders 0
Narrow klass pointer bits 32, Max shift 3
Narrow klass base: 0x0000000030000000, Narrow klass shift: 0
Encoding Range: [0x0000000030000000 - 0x0000000130000000), (4294967296 bytes)
Klass Range:    [0x0000000030000000 - 0x0000000071000000), (1090519040 bytes)
Klass ID Range:  [8 - 1090519033) (1090519025)
Protection zone: [0x0000000030000000 - 0x0000000030010000), (65536 bytes)

GC Precious Log:
 CardTable entry size: 512
 Card Set container configuration: InlinePtr #cards 5 size 8 Array Of Cards #cards 10 size 36 Howl #buckets 4 coarsen threshold 1843 Howl Bitmap #cards 512 size 80 coarsen threshold 460 Card regions per heap region 1 cards per card region 2048
 CPUs: 12 total, 12 available
 Memory: 7863M
 Large Page Support: Disabled
 NUMA Support: Disabled
 Compressed Oops: Enabled (32-bit)
 Heap Region Size: 1M
 Heap Min Capacity: 8M
 Heap Initial Capacity: 8M
 Heap Max Capacity: 1966M
 Pre-touch: Disabled
 Parallel Workers: 10
 Concurrent Workers: 3
 Concurrent Refinement Workers: 10
 Periodic GC: Disabled

Heap:
 garbage-first heap   total reserved 2013184K, committed 208896K, used 44119K [0x0000000085200000, 0x0000000100000000)
  region size 1M, 0 eden (0M), 2 survivor (2M), 41 old (41M), 1 humongous (1M), 160 free (160M)

Heap Regions: E=young(eden), S=young(survivor), O=old, HS=humongous(starts), HC=humongous(continues), CS=collection set, F=free, TAMS=top-at-mark-start, PB=parsable bottom
|    0|0x0000000085200000, 0x0000000085300000, 0x0000000085300000|100%| O|  |TAMS 0x0000000085200000| PB 0x0000000085200000| Untracked |  0
|    1|0x0000000085300000, 0x0000000085400000, 0x0000000085400000|100%| O|  |TAMS 0x0000000085300000| PB 0x0000000085300000| Untracked |  0
|    2|0x0000000085400000, 0x0000000085500000, 0x0000000085500000|100%| O|  |TAMS 0x0000000085400000| PB 0x0000000085400000| Untracked |  0
|    3|0x0000000085500000, 0x0000000085600000, 0x0000000085600000|100%|HS|  |TAMS 0x0000000085500000| PB 0x0000000085500000| Complete  |  0
|    4|0x0000000085600000, 0x0000000085700000, 0x0000000085700000|100%| O|  |TAMS 0x0000000085600000| PB 0x0000000085600000| Untracked |  0
|    5|0x0000000085700000, 0x0000000085800000, 0x0000000085800000|100%| O|  |TAMS 0x0000000085700000| PB 0x0000000085700000| Untracked |  0
|    6|0x0000000085800000, 0x0000000085900000, 0x0000000085900000|100%| O|  |TAMS 0x0000000085800000| PB 0x0000000085800000| Untracked |  0
|    7|0x0000000085900000, 0x0000000085a00000, 0x0000000085a00000|100%| O|  |TAMS 0x0000000085900000| PB 0x0000000085900000| Untracked |  0
|    8|0x0000000085a00000, 0x0000000085b00000, 0x0000000085b00000|100%| O|  |TAMS 0x0000000085a00000| PB 0x0000000085a00000| Untracked |  0
|    9|0x0000000085b00000, 0x0000000085c00000, 0x0000000085c00000|100%| O|  |TAMS 0x0000000085b00000| PB 0x0000000085b00000| Untracked |  0
|   10|0x0000000085c00000, 0x0000000085d00000, 0x0000000085d00000|100%| O|  |TAMS 0x0000000085c00000| PB 0x0000000085c00000| Untracked |  0
|   11|0x0000000085d00000, 0x0000000085e00000, 0x0000000085e00000|100%| O|  |TAMS 0x0000000085d00000| PB 0x0000000085d00000| Untracked |  0
|   12|0x0000000085e00000, 0x0000000085f00000, 0x0000000085f00000|100%| O|  |TAMS 0x0000000085e00000| PB 0x0000000085e00000| Untracked |  0
|   13|0x0000000085f00000, 0x0000000086000000, 0x0000000086000000|100%| O|  |TAMS 0x0000000085f00000| PB 0x0000000085f00000| Untracked |  0
|   14|0x0000000086000000, 0x0000000086100000, 0x0000000086100000|100%| O|  |TAMS 0x0000000086000000| PB 0x0000000086000000| Untracked |  0
|   15|0x0000000086100000, 0x0000000086200000, 0x0000000086200000|100%| O|  |TAMS 0x0000000086100000| PB 0x0000000086100000| Untracked |  0
|   16|0x0000000086200000, 0x0000000086300000, 0x0000000086300000|100%| O|  |TAMS 0x0000000086200000| PB 0x0000000086200000| Untracked |  0
|   17|0x0000000086300000, 0x0000000086400000, 0x0000000086400000|100%| O|  |TAMS 0x0000000086300000| PB 0x0000000086300000| Untracked |  0
|   18|0x0000000086400000, 0x0000000086500000, 0x0000000086500000|100%| O|  |TAMS 0x0000000086400000| PB 0x0000000086400000| Untracked |  0
|   19|0x0000000086500000, 0x00000000865d4060, 0x0000000086600000| 82%| O|  |TAMS 0x0000000086500000| PB 0x0000000086500000| Untracked |  0
|   20|0x0000000086600000, 0x0000000086700000, 0x0000000086700000|100%| O|  |TAMS 0x0000000086600000| PB 0x0000000086600000| Untracked |  0
|   21|0x0000000086700000, 0x0000000086700000, 0x0000000086800000|  0%| F|  |TAMS 0x0000000086700000| PB 0x0000000086700000| Untracked |  0
|   22|0x0000000086800000, 0x0000000086900000, 0x0000000086900000|100%| O|  |TAMS 0x0000000086800000| PB 0x0000000086800000| Untracked |  0
|   23|0x0000000086900000, 0x0000000086900000, 0x0000000086a00000|  0%| F|  |TAMS 0x0000000086900000| PB 0x0000000086900000| Untracked |  0
|   24|0x0000000086a00000, 0x0000000086b00000, 0x0000000086b00000|100%| O|  |TAMS 0x0000000086a00000| PB 0x0000000086a00000| Untracked |  0
|   25|0x0000000086b00000, 0x0000000086c00000, 0x0000000086c00000|100%| O|  |TAMS 0x0000000086b00000| PB 0x0000000086b00000| Untracked |  0
|   26|0x0000000086c00000, 0x0000000086d00000, 0x0000000086d00000|100%| O|  |TAMS 0x0000000086c00000| PB 0x0000000086c00000| Untracked |  0
|   27|0x0000000086d00000, 0x0000000086e00000, 0x0000000086e00000|100%| O|  |TAMS 0x0000000086d00000| PB 0x0000000086d00000| Untracked |  0
|   28|0x0000000086e00000, 0x0000000086f00000, 0x0000000086f00000|100%| O|  |TAMS 0x0000000086e00000| PB 0x0000000086e00000| Untracked |  0
|   29|0x0000000086f00000, 0x0000000087000000, 0x0000000087000000|100%| O|  |TAMS 0x0000000086f00000| PB 0x0000000086f00000| Untracked |  0
|   30|0x0000000087000000, 0x0000000087100000, 0x0000000087100000|100%| O|  |TAMS 0x0000000087000000| PB 0x0000000087000000| Untracked |  0
|   31|0x0000000087100000, 0x0000000087200000, 0x0000000087200000|100%| O|  |TAMS 0x0000000087100000| PB 0x0000000087100000| Untracked |  0
|   32|0x0000000087200000, 0x0000000087300000, 0x0000000087300000|100%| O|  |TAMS 0x0000000087200000| PB 0x0000000087200000| Untracked |  0
|   33|0x0000000087300000, 0x0000000087400000, 0x0000000087400000|100%| O|  |TAMS 0x0000000087300000| PB 0x0000000087300000| Untracked |  0
|   34|0x0000000087400000, 0x0000000087500000, 0x0000000087500000|100%| O|  |TAMS 0x0000000087400000| PB 0x0000000087400000| Untracked |  0
|   35|0x0000000087500000, 0x0000000087600000, 0x0000000087600000|100%| O|  |TAMS 0x0000000087500000| PB 0x0000000087500000| Untracked |  0
|   36|0x0000000087600000, 0x0000000087600000, 0x0000000087700000|  0%| F|  |TAMS 0x0000000087600000| PB 0x0000000087600000| Untracked |  0
|   37|0x0000000087700000, 0x0000000087700000, 0x0000000087800000|  0%| F|  |TAMS 0x0000000087700000| PB 0x0000000087700000| Untracked |  0
|   38|0x0000000087800000, 0x0000000087900000, 0x0000000087900000|100%| O|  |TAMS 0x0000000087800000| PB 0x0000000087800000| Untracked |  0
|   39|0x0000000087900000, 0x0000000087900000, 0x0000000087a00000|  0%| F|  |TAMS 0x0000000087900000| PB 0x0000000087900000| Untracked |  0
|   40|0x0000000087a00000, 0x0000000087b00000, 0x0000000087b00000|100%| O|  |TAMS 0x0000000087a00000| PB 0x0000000087a00000| Untracked |  0
|   41|0x0000000087b00000, 0x0000000087c00000, 0x0000000087c00000|100%| O|  |TAMS 0x0000000087b00000| PB 0x0000000087b00000| Untracked |  0
|   42|0x0000000087c00000, 0x0000000087c00000, 0x0000000087d00000|  0%| F|  |TAMS 0x0000000087c00000| PB 0x0000000087c00000| Untracked |  0
|   43|0x0000000087d00000, 0x0000000087d00000, 0x0000000087e00000|  0%| F|  |TAMS 0x0000000087d00000| PB 0x0000000087d00000| Untracked |  0
|   44|0x0000000087e00000, 0x0000000087e00000, 0x0000000087f00000|  0%| F|  |TAMS 0x0000000087e00000| PB 0x0000000087e00000| Untracked |  0
|   45|0x0000000087f00000, 0x0000000087f00000, 0x0000000088000000|  0%| F|  |TAMS 0x0000000087f00000| PB 0x0000000087f00000| Untracked |  0
|   46|0x0000000088000000, 0x0000000088000000, 0x0000000088100000|  0%| F|  |TAMS 0x0000000088000000| PB 0x0000000088000000| Untracked |  0
|   47|0x0000000088100000, 0x0000000088100000, 0x0000000088200000|  0%| F|  |TAMS 0x0000000088100000| PB 0x0000000088100000| Untracked |  0
|   48|0x0000000088200000, 0x0000000088200000, 0x0000000088300000|  0%| F|  |TAMS 0x0000000088200000| PB 0x0000000088200000| Untracked |  0
|   49|0x0000000088300000, 0x0000000088300000, 0x0000000088400000|  0%| F|  |TAMS 0x0000000088300000| PB 0x0000000088300000| Untracked |  0
|   50|0x0000000088400000, 0x0000000088400000, 0x0000000088500000|  0%| F|  |TAMS 0x0000000088400000| PB 0x0000000088400000| Untracked |  0
|   51|0x0000000088500000, 0x0000000088500000, 0x0000000088600000|  0%| F|  |TAMS 0x0000000088500000| PB 0x0000000088500000| Untracked |  0
|   52|0x0000000088600000, 0x0000000088600000, 0x0000000088700000|  0%| F|  |TAMS 0x0000000088600000| PB 0x0000000088600000| Untracked |  0
|   53|0x0000000088700000, 0x0000000088700000, 0x0000000088800000|  0%| F|  |TAMS 0x0000000088700000| PB 0x0000000088700000| Untracked |  0
|   54|0x0000000088800000, 0x0000000088800000, 0x0000000088900000|  0%| F|  |TAMS 0x0000000088800000| PB 0x0000000088800000| Untracked |  0
|   55|0x0000000088900000, 0x0000000088900000, 0x0000000088a00000|  0%| F|  |TAMS 0x0000000088900000| PB 0x0000000088900000| Untracked |  0
|   56|0x0000000088a00000, 0x0000000088a00000, 0x0000000088b00000|  0%| F|  |TAMS 0x0000000088a00000| PB 0x0000000088a00000| Untracked |  0
|   57|0x0000000088b00000, 0x0000000088b00000, 0x0000000088c00000|  0%| F|  |TAMS 0x0000000088b00000| PB 0x0000000088b00000| Untracked |  0
|   58|0x0000000088c00000, 0x0000000088c00000, 0x0000000088d00000|  0%| F|  |TAMS 0x0000000088c00000| PB 0x0000000088c00000| Untracked |  0
|   59|0x0000000088d00000, 0x0000000088d00000, 0x0000000088e00000|  0%| F|  |TAMS 0x0000000088d00000| PB 0x0000000088d00000| Untracked |  0
|   60|0x0000000088e00000, 0x0000000088e00000, 0x0000000088f00000|  0%| F|  |TAMS 0x0000000088e00000| PB 0x0000000088e00000| Untracked |  0
|   61|0x0000000088f00000, 0x0000000088f00000, 0x0000000089000000|  0%| F|  |TAMS 0x0000000088f00000| PB 0x0000000088f00000| Untracked |  0
|   62|0x0000000089000000, 0x0000000089000000, 0x0000000089100000|  0%| F|  |TAMS 0x0000000089000000| PB 0x0000000089000000| Untracked |  0
|   63|0x0000000089100000, 0x0000000089100000, 0x0000000089200000|  0%| F|  |TAMS 0x0000000089100000| PB 0x0000000089100000| Untracked |  0
|   64|0x0000000089200000, 0x0000000089200000, 0x0000000089300000|  0%| F|  |TAMS 0x0000000089200000| PB 0x0000000089200000| Untracked |  0
|   65|0x0000000089300000, 0x0000000089300000, 0x0000000089400000|  0%| F|  |TAMS 0x0000000089300000| PB 0x0000000089300000| Untracked |  0
|   66|0x0000000089400000, 0x0000000089400000, 0x0000000089500000|  0%| F|  |TAMS 0x0000000089400000| PB 0x0000000089400000| Untracked |  0
|   67|0x0000000089500000, 0x0000000089500000, 0x0000000089600000|  0%| F|  |TAMS 0x0000000089500000| PB 0x0000000089500000| Untracked |  0
|   68|0x0000000089600000, 0x0000000089600000, 0x0000000089700000|  0%| F|  |TAMS 0x0000000089600000| PB 0x0000000089600000| Untracked |  0
|   69|0x0000000089700000, 0x0000000089700000, 0x0000000089800000|  0%| F|  |TAMS 0x0000000089700000| PB 0x0000000089700000| Untracked |  0
|   70|0x0000000089800000, 0x0000000089800000, 0x0000000089900000|  0%| F|  |TAMS 0x0000000089800000| PB 0x0000000089800000| Untracked |  0
|   71|0x0000000089900000, 0x0000000089900000, 0x0000000089a00000|  0%| F|  |TAMS 0x0000000089900000| PB 0x0000000089900000| Untracked |  0
|   72|0x0000000089a00000, 0x0000000089a00000, 0x0000000089b00000|  0%| F|  |TAMS 0x0000000089a00000| PB 0x0000000089a00000| Untracked |  0
|   73|0x0000000089b00000, 0x0000000089b00000, 0x0000000089c00000|  0%| F|  |TAMS 0x0000000089b00000| PB 0x0000000089b00000| Untracked |  0
|   74|0x0000000089c00000, 0x0000000089c00000, 0x0000000089d00000|  0%| F|  |TAMS 0x0000000089c00000| PB 0x0000000089c00000| Untracked |  0
|   75|0x0000000089d00000, 0x0000000089d00000, 0x0000000089e00000|  0%| F|  |TAMS 0x0000000089d00000| PB 0x0000000089d00000| Untracked |  0
|   76|0x0000000089e00000, 0x0000000089e00000, 0x0000000089f00000|  0%| F|  |TAMS 0x0000000089e00000| PB 0x0000000089e00000| Untracked |  0
|   77|0x0000000089f00000, 0x0000000089f00000, 0x000000008a000000|  0%| F|  |TAMS 0x0000000089f00000| PB 0x0000000089f00000| Untracked |  0
|   78|0x000000008a000000, 0x000000008a000000, 0x000000008a100000|  0%| F|  |TAMS 0x000000008a000000| PB 0x000000008a000000| Untracked |  0
|   79|0x000000008a100000, 0x000000008a100000, 0x000000008a200000|  0%| F|  |TAMS 0x000000008a100000| PB 0x000000008a100000| Untracked |  0
|   80|0x000000008a200000, 0x000000008a200000, 0x000000008a300000|  0%| F|  |TAMS 0x000000008a200000| PB 0x000000008a200000| Untracked |  0
|   81|0x000000008a300000, 0x000000008a300000, 0x000000008a400000|  0%| F|  |TAMS 0x000000008a300000| PB 0x000000008a300000| Untracked |  0
|   82|0x000000008a400000, 0x000000008a400000, 0x000000008a500000|  0%| F|  |TAMS 0x000000008a400000| PB 0x000000008a400000| Untracked |  0
|   83|0x000000008a500000, 0x000000008a500000, 0x000000008a600000|  0%| F|  |TAMS 0x000000008a500000| PB 0x000000008a500000| Untracked |  0
|   84|0x000000008a600000, 0x000000008a600000, 0x000000008a700000|  0%| F|  |TAMS 0x000000008a600000| PB 0x000000008a600000| Untracked |  0
|   85|0x000000008a700000, 0x000000008a700000, 0x000000008a800000|  0%| F|  |TAMS 0x000000008a700000| PB 0x000000008a700000| Untracked |  0
|   86|0x000000008a800000, 0x000000008a800000, 0x000000008a900000|  0%| F|  |TAMS 0x000000008a800000| PB 0x000000008a800000| Untracked |  0
|   87|0x000000008a900000, 0x000000008a900000, 0x000000008aa00000|  0%| F|  |TAMS 0x000000008a900000| PB 0x000000008a900000| Untracked |  0
|   88|0x000000008aa00000, 0x000000008aa00000, 0x000000008ab00000|  0%| F|  |TAMS 0x000000008aa00000| PB 0x000000008aa00000| Untracked |  0
|   89|0x000000008ab00000, 0x000000008ab00000, 0x000000008ac00000|  0%| F|  |TAMS 0x000000008ab00000| PB 0x000000008ab00000| Untracked |  0
|   90|0x000000008ac00000, 0x000000008ac00000, 0x000000008ad00000|  0%| F|  |TAMS 0x000000008ac00000| PB 0x000000008ac00000| Untracked |  0
|   91|0x000000008ad00000, 0x000000008ad00000, 0x000000008ae00000|  0%| F|  |TAMS 0x000000008ad00000| PB 0x000000008ad00000| Untracked |  0
|   92|0x000000008ae00000, 0x000000008ae00000, 0x000000008af00000|  0%| F|  |TAMS 0x000000008ae00000| PB 0x000000008ae00000| Untracked |  0
|   93|0x000000008af00000, 0x000000008af00000, 0x000000008b000000|  0%| F|  |TAMS 0x000000008af00000| PB 0x000000008af00000| Untracked |  0
|   94|0x000000008b000000, 0x000000008b000000, 0x000000008b100000|  0%| F|  |TAMS 0x000000008b000000| PB 0x000000008b000000| Untracked |  0
|   95|0x000000008b100000, 0x000000008b100000, 0x000000008b200000|  0%| F|  |TAMS 0x000000008b100000| PB 0x000000008b100000| Untracked |  0
|   96|0x000000008b200000, 0x000000008b200000, 0x000000008b300000|  0%| F|  |TAMS 0x000000008b200000| PB 0x000000008b200000| Untracked |  0
|   97|0x000000008b300000, 0x000000008b300000, 0x000000008b400000|  0%| F|  |TAMS 0x000000008b300000| PB 0x000000008b300000| Untracked |  0
|   98|0x000000008b400000, 0x000000008b400000, 0x000000008b500000|  0%| F|  |TAMS 0x000000008b400000| PB 0x000000008b400000| Untracked |  0
|   99|0x000000008b500000, 0x000000008b500000, 0x000000008b600000|  0%| F|  |TAMS 0x000000008b500000| PB 0x000000008b500000| Untracked |  0
|  100|0x000000008b600000, 0x000000008b600000, 0x000000008b700000|  0%| F|  |TAMS 0x000000008b600000| PB 0x000000008b600000| Untracked |  0
|  101|0x000000008b700000, 0x000000008b700000, 0x000000008b800000|  0%| F|  |TAMS 0x000000008b700000| PB 0x000000008b700000| Untracked |  0
|  102|0x000000008b800000, 0x000000008b800000, 0x000000008b900000|  0%| F|  |TAMS 0x000000008b800000| PB 0x000000008b800000| Untracked |  0
|  103|0x000000008b900000, 0x000000008b900000, 0x000000008ba00000|  0%| F|  |TAMS 0x000000008b900000| PB 0x000000008b900000| Untracked |  0
|  104|0x000000008ba00000, 0x000000008ba00000, 0x000000008bb00000|  0%| F|  |TAMS 0x000000008ba00000| PB 0x000000008ba00000| Untracked |  0
|  105|0x000000008bb00000, 0x000000008bb00000, 0x000000008bc00000|  0%| F|  |TAMS 0x000000008bb00000| PB 0x000000008bb00000| Untracked |  0
|  106|0x000000008bc00000, 0x000000008bc00000, 0x000000008bd00000|  0%| F|  |TAMS 0x000000008bc00000| PB 0x000000008bc00000| Untracked |  0
|  107|0x000000008bd00000, 0x000000008bd00000, 0x000000008be00000|  0%| F|  |TAMS 0x000000008bd00000| PB 0x000000008bd00000| Untracked |  0
|  108|0x000000008be00000, 0x000000008be00000, 0x000000008bf00000|  0%| F|  |TAMS 0x000000008be00000| PB 0x000000008be00000| Untracked |  0
|  109|0x000000008bf00000, 0x000000008bf00000, 0x000000008c000000|  0%| F|  |TAMS 0x000000008bf00000| PB 0x000000008bf00000| Untracked |  0
|  110|0x000000008c000000, 0x000000008c000000, 0x000000008c100000|  0%| F|  |TAMS 0x000000008c000000| PB 0x000000008c000000| Untracked |  0
|  111|0x000000008c100000, 0x000000008c100000, 0x000000008c200000|  0%| F|  |TAMS 0x000000008c100000| PB 0x000000008c100000| Untracked |  0
|  112|0x000000008c200000, 0x000000008c200000, 0x000000008c300000|  0%| F|  |TAMS 0x000000008c200000| PB 0x000000008c200000| Untracked |  0
|  113|0x000000008c300000, 0x000000008c300000, 0x000000008c400000|  0%| F|  |TAMS 0x000000008c300000| PB 0x000000008c300000| Untracked |  0
|  114|0x000000008c400000, 0x000000008c400000, 0x000000008c500000|  0%| F|  |TAMS 0x000000008c400000| PB 0x000000008c400000| Untracked |  0
|  115|0x000000008c500000, 0x000000008c500000, 0x000000008c600000|  0%| F|  |TAMS 0x000000008c500000| PB 0x000000008c500000| Untracked |  0
|  116|0x000000008c600000, 0x000000008c600000, 0x000000008c700000|  0%| F|  |TAMS 0x000000008c600000| PB 0x000000008c600000| Untracked |  0
|  117|0x000000008c700000, 0x000000008c700000, 0x000000008c800000|  0%| F|  |TAMS 0x000000008c700000| PB 0x000000008c700000| Untracked |  0
|  118|0x000000008c800000, 0x000000008c800000, 0x000000008c900000|  0%| F|  |TAMS 0x000000008c800000| PB 0x000000008c800000| Untracked |  0
|  119|0x000000008c900000, 0x000000008c900000, 0x000000008ca00000|  0%| F|  |TAMS 0x000000008c900000| PB 0x000000008c900000| Untracked |  0
|  120|0x000000008ca00000, 0x000000008ca00000, 0x000000008cb00000|  0%| F|  |TAMS 0x000000008ca00000| PB 0x000000008ca00000| Untracked |  0
|  121|0x000000008cb00000, 0x000000008cb00000, 0x000000008cc00000|  0%| F|  |TAMS 0x000000008cb00000| PB 0x000000008cb00000| Untracked |  0
|  122|0x000000008cc00000, 0x000000008cc00000, 0x000000008cd00000|  0%| F|  |TAMS 0x000000008cc00000| PB 0x000000008cc00000| Untracked |  0
|  123|0x000000008cd00000, 0x000000008cd00000, 0x000000008ce00000|  0%| F|  |TAMS 0x000000008cd00000| PB 0x000000008cd00000| Untracked |  0
|  124|0x000000008ce00000, 0x000000008ce00000, 0x000000008cf00000|  0%| F|  |TAMS 0x000000008ce00000| PB 0x000000008ce00000| Untracked |  0
|  125|0x000000008cf00000, 0x000000008cf00000, 0x000000008d000000|  0%| F|  |TAMS 0x000000008cf00000| PB 0x000000008cf00000| Untracked |  0
|  126|0x000000008d000000, 0x000000008d000000, 0x000000008d100000|  0%| F|  |TAMS 0x000000008d000000| PB 0x000000008d000000| Untracked |  0
|  127|0x000000008d100000, 0x000000008d100000, 0x000000008d200000|  0%| F|  |TAMS 0x000000008d100000| PB 0x000000008d100000| Untracked |  0
|  128|0x000000008d200000, 0x000000008d200000, 0x000000008d300000|  0%| F|  |TAMS 0x000000008d200000| PB 0x000000008d200000| Untracked |  0
|  129|0x000000008d300000, 0x000000008d300000, 0x000000008d400000|  0%| F|  |TAMS 0x000000008d300000| PB 0x000000008d300000| Untracked |  0
|  130|0x000000008d400000, 0x000000008d400000, 0x000000008d500000|  0%| F|  |TAMS 0x000000008d400000| PB 0x000000008d400000| Untracked |  0
|  131|0x000000008d500000, 0x000000008d500000, 0x000000008d600000|  0%| F|  |TAMS 0x000000008d500000| PB 0x000000008d500000| Untracked |  0
|  132|0x000000008d600000, 0x000000008d600000, 0x000000008d700000|  0%| F|  |TAMS 0x000000008d600000| PB 0x000000008d600000| Untracked |  0
|  133|0x000000008d700000, 0x000000008d700000, 0x000000008d800000|  0%| F|  |TAMS 0x000000008d700000| PB 0x000000008d700000| Untracked |  0
|  134|0x000000008d800000, 0x000000008d800000, 0x000000008d900000|  0%| F|  |TAMS 0x000000008d800000| PB 0x000000008d800000| Untracked |  0
|  135|0x000000008d900000, 0x000000008d900000, 0x000000008da00000|  0%| F|  |TAMS 0x000000008d900000| PB 0x000000008d900000| Untracked |  0
|  136|0x000000008da00000, 0x000000008da00000, 0x000000008db00000|  0%| F|  |TAMS 0x000000008da00000| PB 0x000000008da00000| Untracked |  0
|  137|0x000000008db00000, 0x000000008db00000, 0x000000008dc00000|  0%| F|  |TAMS 0x000000008db00000| PB 0x000000008db00000| Untracked |  0
|  138|0x000000008dc00000, 0x000000008dc00000, 0x000000008dd00000|  0%| F|  |TAMS 0x000000008dc00000| PB 0x000000008dc00000| Untracked |  0
|  139|0x000000008dd00000, 0x000000008dd00000, 0x000000008de00000|  0%| F|  |TAMS 0x000000008dd00000| PB 0x000000008dd00000| Untracked |  0
|  140|0x000000008de00000, 0x000000008de00000, 0x000000008df00000|  0%| F|  |TAMS 0x000000008de00000| PB 0x000000008de00000| Untracked |  0
|  141|0x000000008df00000, 0x000000008df00000, 0x000000008e000000|  0%| F|  |TAMS 0x000000008df00000| PB 0x000000008df00000| Untracked |  0
|  142|0x000000008e000000, 0x000000008e000000, 0x000000008e100000|  0%| F|  |TAMS 0x000000008e000000| PB 0x000000008e000000| Untracked |  0
|  143|0x000000008e100000, 0x000000008e100000, 0x000000008e200000|  0%| F|  |TAMS 0x000000008e100000| PB 0x000000008e100000| Untracked |  0
|  144|0x000000008e200000, 0x000000008e200000, 0x000000008e300000|  0%| F|  |TAMS 0x000000008e200000| PB 0x000000008e200000| Untracked |  0
|  145|0x000000008e300000, 0x000000008e300000, 0x000000008e400000|  0%| F|  |TAMS 0x000000008e300000| PB 0x000000008e300000| Untracked |  0
|  146|0x000000008e400000, 0x000000008e400000, 0x000000008e500000|  0%| F|  |TAMS 0x000000008e400000| PB 0x000000008e400000| Untracked |  0
|  147|0x000000008e500000, 0x000000008e500000, 0x000000008e600000|  0%| F|  |TAMS 0x000000008e500000| PB 0x000000008e500000| Untracked |  0
|  148|0x000000008e600000, 0x000000008e600000, 0x000000008e700000|  0%| F|  |TAMS 0x000000008e600000| PB 0x000000008e600000| Untracked |  0
|  149|0x000000008e700000, 0x000000008e700000, 0x000000008e800000|  0%| F|  |TAMS 0x000000008e700000| PB 0x000000008e700000| Untracked |  0
|  150|0x000000008e800000, 0x000000008e800000, 0x000000008e900000|  0%| F|  |TAMS 0x000000008e800000| PB 0x000000008e800000| Untracked |  0
|  151|0x000000008e900000, 0x000000008e900000, 0x000000008ea00000|  0%| F|  |TAMS 0x000000008e900000| PB 0x000000008e900000| Untracked |  0
|  152|0x000000008ea00000, 0x000000008ea00000, 0x000000008eb00000|  0%| F|  |TAMS 0x000000008ea00000| PB 0x000000008ea00000| Untracked |  0
|  153|0x000000008eb00000, 0x000000008eb00000, 0x000000008ec00000|  0%| F|  |TAMS 0x000000008eb00000| PB 0x000000008eb00000| Untracked |  0
|  154|0x000000008ec00000, 0x000000008ec00000, 0x000000008ed00000|  0%| F|  |TAMS 0x000000008ec00000| PB 0x000000008ec00000| Untracked |  0
|  155|0x000000008ed00000, 0x000000008ed00000, 0x000000008ee00000|  0%| F|  |TAMS 0x000000008ed00000| PB 0x000000008ed00000| Untracked |  0
|  156|0x000000008ee00000, 0x000000008ee00000, 0x000000008ef00000|  0%| F|  |TAMS 0x000000008ee00000| PB 0x000000008ee00000| Untracked |  0
|  157|0x000000008ef00000, 0x000000008ef00000, 0x000000008f000000|  0%| F|  |TAMS 0x000000008ef00000| PB 0x000000008ef00000| Untracked |  0
|  158|0x000000008f000000, 0x000000008f000000, 0x000000008f100000|  0%| F|  |TAMS 0x000000008f000000| PB 0x000000008f000000| Untracked |  0
|  159|0x000000008f100000, 0x000000008f100000, 0x000000008f200000|  0%| F|  |TAMS 0x000000008f100000| PB 0x000000008f100000| Untracked |  0
|  160|0x000000008f200000, 0x000000008f200000, 0x000000008f300000|  0%| F|  |TAMS 0x000000008f200000| PB 0x000000008f200000| Untracked |  0
|  161|0x000000008f300000, 0x000000008f300000, 0x000000008f400000|  0%| F|  |TAMS 0x000000008f300000| PB 0x000000008f300000| Untracked |  0
|  162|0x000000008f400000, 0x000000008f400000, 0x000000008f500000|  0%| F|  |TAMS 0x000000008f400000| PB 0x000000008f400000| Untracked |  0
|  163|0x000000008f500000, 0x000000008f500000, 0x000000008f600000|  0%| F|  |TAMS 0x000000008f500000| PB 0x000000008f500000| Untracked |  0
|  164|0x000000008f600000, 0x000000008f600000, 0x000000008f700000|  0%| F|  |TAMS 0x000000008f600000| PB 0x000000008f600000| Untracked |  0
|  165|0x000000008f700000, 0x000000008f700000, 0x000000008f800000|  0%| F|  |TAMS 0x000000008f700000| PB 0x000000008f700000| Untracked |  0
|  166|0x000000008f800000, 0x000000008f800000, 0x000000008f900000|  0%| F|  |TAMS 0x000000008f800000| PB 0x000000008f800000| Untracked |  0
|  167|0x000000008f900000, 0x000000008f900000, 0x000000008fa00000|  0%| F|  |TAMS 0x000000008f900000| PB 0x000000008f900000| Untracked |  0
|  168|0x000000008fa00000, 0x000000008fa00000, 0x000000008fb00000|  0%| F|  |TAMS 0x000000008fa00000| PB 0x000000008fa00000| Untracked |  0
|  169|0x000000008fb00000, 0x000000008fb00000, 0x000000008fc00000|  0%| F|  |TAMS 0x000000008fb00000| PB 0x000000008fb00000| Untracked |  0
|  170|0x000000008fc00000, 0x000000008fc00000, 0x000000008fd00000|  0%| F|  |TAMS 0x000000008fc00000| PB 0x000000008fc00000| Untracked |  0
|  171|0x000000008fd00000, 0x000000008fd00000, 0x000000008fe00000|  0%| F|  |TAMS 0x000000008fd00000| PB 0x000000008fd00000| Untracked |  0
|  172|0x000000008fe00000, 0x000000008fe00000, 0x000000008ff00000|  0%| F|  |TAMS 0x000000008fe00000| PB 0x000000008fe00000| Untracked |  0
|  173|0x000000008ff00000, 0x000000008ff00000, 0x0000000090000000|  0%| F|  |TAMS 0x000000008ff00000| PB 0x000000008ff00000| Untracked |  0
|  174|0x0000000090000000, 0x0000000090000000, 0x0000000090100000|  0%| F|  |TAMS 0x0000000090000000| PB 0x0000000090000000| Untracked |  0
|  175|0x0000000090100000, 0x0000000090100000, 0x0000000090200000|  0%| F|  |TAMS 0x0000000090100000| PB 0x0000000090100000| Untracked |  0
|  176|0x0000000090200000, 0x0000000090200000, 0x0000000090300000|  0%| F|  |TAMS 0x0000000090200000| PB 0x0000000090200000| Untracked |  0
|  177|0x0000000090300000, 0x0000000090300000, 0x0000000090400000|  0%| F|  |TAMS 0x0000000090300000| PB 0x0000000090300000| Untracked |  0
|  178|0x0000000090400000, 0x0000000090400000, 0x0000000090500000|  0%| F|  |TAMS 0x0000000090400000| PB 0x0000000090400000| Untracked |  0
|  179|0x0000000090500000, 0x0000000090500000, 0x0000000090600000|  0%| F|  |TAMS 0x0000000090500000| PB 0x0000000090500000| Untracked |  0
|  180|0x0000000090600000, 0x0000000090600000, 0x0000000090700000|  0%| F|  |TAMS 0x0000000090600000| PB 0x0000000090600000| Untracked |  0
|  181|0x0000000090700000, 0x0000000090700000, 0x0000000090800000|  0%| F|  |TAMS 0x0000000090700000| PB 0x0000000090700000| Untracked |  0
|  182|0x0000000090800000, 0x0000000090800000, 0x0000000090900000|  0%| F|  |TAMS 0x0000000090800000| PB 0x0000000090800000| Untracked |  0
|  183|0x0000000090900000, 0x0000000090900000, 0x0000000090a00000|  0%| F|  |TAMS 0x0000000090900000| PB 0x0000000090900000| Untracked |  0
|  184|0x0000000090a00000, 0x0000000090a00000, 0x0000000090b00000|  0%| F|  |TAMS 0x0000000090a00000| PB 0x0000000090a00000| Untracked |  0
|  185|0x0000000090b00000, 0x0000000090b00000, 0x0000000090c00000|  0%| F|  |TAMS 0x0000000090b00000| PB 0x0000000090b00000| Untracked |  0
|  186|0x0000000090c00000, 0x0000000090c00000, 0x0000000090d00000|  0%| F|  |TAMS 0x0000000090c00000| PB 0x0000000090c00000| Untracked |  0
|  187|0x0000000090d00000, 0x0000000090d00000, 0x0000000090e00000|  0%| F|  |TAMS 0x0000000090d00000| PB 0x0000000090d00000| Untracked |  0
|  188|0x0000000090e00000, 0x0000000090e00000, 0x0000000090f00000|  0%| F|  |TAMS 0x0000000090e00000| PB 0x0000000090e00000| Untracked |  0
|  189|0x0000000090f00000, 0x0000000090f41eb0, 0x0000000091000000| 25%| S|CS|TAMS 0x0000000090f00000| PB 0x0000000090f00000| Complete  |  0
|  190|0x0000000091000000, 0x0000000091100000, 0x0000000091100000|100%| S|CS|TAMS 0x0000000091000000| PB 0x0000000091000000| Complete  |  0
|  191|0x0000000091100000, 0x0000000091100000, 0x0000000091200000|  0%| F|  |TAMS 0x0000000091100000| PB 0x0000000091100000| Untracked |  0
|  192|0x0000000091200000, 0x0000000091200000, 0x0000000091300000|  0%| F|  |TAMS 0x0000000091200000| PB 0x0000000091200000| Untracked |  0
|  193|0x0000000091300000, 0x0000000091300000, 0x0000000091400000|  0%| F|  |TAMS 0x0000000091300000| PB 0x0000000091300000| Untracked |  0
|  194|0x0000000091400000, 0x0000000091400000, 0x0000000091500000|  0%| F|  |TAMS 0x0000000091400000| PB 0x0000000091400000| Untracked |  0
|  195|0x0000000091500000, 0x0000000091500000, 0x0000000091600000|  0%| F|  |TAMS 0x0000000091500000| PB 0x0000000091500000| Untracked |  0
|  196|0x0000000091600000, 0x0000000091600000, 0x0000000091700000|  0%| F|  |TAMS 0x0000000091600000| PB 0x0000000091600000| Untracked |  0
| 1959|0x00000000ff900000, 0x00000000ffa00000, 0x00000000ffa00000|100%| O|  |TAMS 0x00000000ff900000| PB 0x00000000ff900000| Untracked |  0
| 1960|0x00000000ffa00000, 0x00000000ffa00000, 0x00000000ffb00000|  0%| F|  |TAMS 0x00000000ffa00000| PB 0x00000000ffa00000| Untracked |  0
| 1961|0x00000000ffb00000, 0x00000000ffb00000, 0x00000000ffc00000|  0%| F|  |TAMS 0x00000000ffb00000| PB 0x00000000ffb00000| Untracked |  0
| 1962|0x00000000ffc00000, 0x00000000ffd00000, 0x00000000ffd00000|100%| O|  |TAMS 0x00000000ffc00000| PB 0x00000000ffc00000| Untracked |  0
| 1963|0x00000000ffd00000, 0x00000000ffe00000, 0x00000000ffe00000|100%| O|  |TAMS 0x00000000ffd00000| PB 0x00000000ffd00000| Untracked |  0
| 1964|0x00000000ffe00000, 0x00000000fff00000, 0x00000000fff00000|100%| O|  |TAMS 0x00000000ffe00000| PB 0x00000000ffe00000| Untracked |  0
| 1965|0x00000000fff00000, 0x0000000100000000, 0x0000000100000000|100%| O|  |TAMS 0x00000000fff00000| PB 0x00000000fff00000| Untracked |  0

Card table byte_map: [0x00000194bf740000,0x00000194bfb20000] _byte_map_base: 0x00000194bf317000
Refinement table byte_map: [0x00000194bfb20000,0x00000194bff00000] _byte_map_base: 0x00000194bf6f7000

Marking Bits: (CMBitMap*) 0x00000194b31b3870
 Bits: [0x00000194bff00000, 0x00000194c1db8000)

Polling page: 0x00000194b1130000

Metaspace:
Metaspace        used 89499K, committed 90048K, reserved 1179648K
 class space     used 13751K, committed 14016K, reserved 1048576K

Usage:
  Non-class:     73.97 MB used.
      Class:     13.43 MB used.
       Both:     87.40 MB used.

Virtual space:
  Non-class space:      128.00 MB reserved,      74.25 MB ( 58%) committed,  2 nodes.
      Class space:        1.00 GB reserved,      13.69 MB (  1%) committed,  1 nodes.
             Both:        1.12 GB reserved,      87.94 MB (  8%) committed. 

Chunk freelists:
   Non-Class:  4.83 MB
       Class:  2.36 MB
        Both:  7.19 MB

MaxMetaspaceSize: unlimited
CompressedClassSpaceSize: 1.00 GB
Initial GC threshold: 21.00 MB
Current GC threshold: 140.25 MB
CDS: on
 - commit_granule_bytes: 65536.
 - commit_granule_words: 8192.
 - virtual_space_node_default_size: 8388608.
 - enlarge_chunks_in_place: 1.
UseCompressedClassPointers 1, UseCompactObjectHeaders 0
Narrow klass pointer bits 32, Max shift 3
Narrow klass base: 0x0000000030000000, Narrow klass shift: 0
Encoding Range: [0x0000000030000000 - 0x0000000130000000), (4294967296 bytes)
Klass Range:    [0x0000000030000000 - 0x0000000071000000), (1090519040 bytes)
Klass ID Range:  [8 - 1090519033) (1090519025)
Protection zone: [0x0000000030000000 - 0x0000000030010000), (65536 bytes)


Internal statistics:

num_allocs_failed_limit: 6.
num_arena_births: 856.
num_arena_deaths: 192.
num_vsnodes_births: 3.
num_vsnodes_deaths: 0.
num_space_committed: 1407.
num_space_uncommitted: 0.
num_chunks_returned_to_freelist: 200.
num_chunks_taken_from_freelist: 4271.
num_chunk_merges: 47.
num_chunk_splits: 3132.
num_chunks_enlarged: 2662.
num_inconsistent_stats: 0.

CodeCache: size=49152Kb used=9954Kb max_used=10268Kb free=39197Kb
 bounds [0x00000194bbe00000, 0x00000194bc870000, 0x00000194bee00000]
 total_blobs=8552, nmethods=7781, adapters=695, full_count=0
Compilation: enabled, stopped_count=0, restarted_count=0

Compilation events (20 events):
Event: 477.864 Thread 0x00000194c49d5ac0 8217       1       org.geolatte.geom.codec.WktKeywordToken::toString (8 bytes)
Event: 477.864 Thread 0x00000194c49d5ac0 nmethod 8217 0x00000194bc0dbd88 code [0x00000194bc0dbe80, 0x00000194bc0dbf40]
Event: 477.864 Thread 0x00000194c49d5ac0 8218       1       org.geolatte.geom.crs.CoordinateSystemAxisDirection::valueOf (10 bytes)
Event: 477.865 Thread 0x00000194c49d5ac0 nmethod 8218 0x00000194bc0dba88 code [0x00000194bc0dbb80, 0x00000194bc0dbc78]
Event: 477.865 Thread 0x00000194c49d5ac0 8220       1       org.geolatte.geom.codec.CrsWktDecoder::decodeOptionalParameters (35 bytes)
Event: 477.865 Thread 0x00000194c49d5ac0 nmethod 8220 0x00000194bc0db608 code [0x00000194bc0db700, 0x00000194bc0dba48]
Event: 477.874 Thread 0x00000194c49d5ac0 8221       1       org.geolatte.geom.crs.Projection::<init> (15 bytes)
Event: 477.875 Thread 0x00000194c49d5ac0 nmethod 8221 0x00000194bc0db308 code [0x00000194bc0db400, 0x00000194bc0db550]
Event: 477.875 Thread 0x00000194c49d5ac0 8222       1       org.geolatte.geom.crs.CartesianCoordinateSystem2D::<init> (21 bytes)
Event: 477.875 Thread 0x00000194c49d5ac0 nmethod 8222 0x00000194bc0dad88 code [0x00000194bc0dae80, 0x00000194bc0db280]
Event: 477.875 Thread 0x00000194c49d5ac0 8223       1       org.geolatte.geom.crs.CartesianCoordinateSystem2D::checkAxes (28 bytes)
Event: 477.875 Thread 0x00000194c49d5ac0 nmethod 8223 0x00000194bc0daa88 code [0x00000194bc0dab80, 0x00000194bc0dad38]
Event: 477.875 Thread 0x00000194c49d5ac0 8224       1       org.geolatte.geom.crs.ProjectedCoordinateReferenceSystem::<init> (32 bytes)
Event: 477.876 Thread 0x00000194c49d5ac0 nmethod 8224 0x00000194bc0da608 code [0x00000194bc0da700, 0x00000194bc0daa68]
Event: 477.876 Thread 0x00000194c49d5ac0 8225       1       org.geolatte.geom.codec.CrsWktDecoder::decodeProjectedCrs (139 bytes)
Event: 477.878 Thread 0x00000194c49d5ac0 nmethod 8225 0x00000194bc0d9388 code [0x00000194bc0d9480, 0x00000194bc0da5f0]
Event: 477.879 Thread 0x00000194c49d5ac0 8227       1       org.geolatte.geom.codec.CrsWktDecoder::decodeOptionalExtension (56 bytes)
Event: 477.879 Thread 0x00000194c49d5ac0 nmethod 8227 0x00000194bc0d8d88 code [0x00000194bc0d8e80, 0x00000194bc0d9358]
Event: 477.879 Thread 0x00000194c49d5ac0 8226       1       org.geolatte.geom.codec.CrsWktDecoder::decodeProjection (66 bytes)
Event: 477.880 Thread 0x00000194c49d5ac0 nmethod 8226 0x00000194bc0d8688 code [0x00000194bc0d8780, 0x00000194bc0d8d58]

GC Heap Usage History (20 events):
Event: 43.761 {heap After GC invocations=51 (full 0):
 garbage-first heap   total reserved 2013184K, committed 65536K, used 40962K [0x0000000085200000, 0x0000000100000000)
  region size 1M, 0 eden (0M), 3 survivor (3M), 37 old (37M), 1 humongous (1M), 23 free (23M)
}
Event: 43.853 {heap Before GC invocations=51 (full 0):
 garbage-first heap   total reserved 2013184K, committed 65536K, used 59394K [0x0000000085200000, 0x0000000100000000)
  region size 1M, 18 eden (18M), 3 survivor (3M), 37 old (37M), 1 humongous (1M), 5 free (5M)
}
Event: 43.861 {heap After GC invocations=52 (full 0):
 garbage-first heap   total reserved 2013184K, committed 66560K, used 43431K [0x0000000085200000, 0x0000000100000000)
  region size 1M, 0 eden (0M), 3 survivor (3M), 39 old (39M), 1 humongous (1M), 22 free (22M)
}
Event: 44.675 {heap Before GC invocations=52 (full 0):
 garbage-first heap   total reserved 2013184K, committed 66560K, used 59815K [0x0000000085200000, 0x0000000100000000)
  region size 1M, 16 eden (16M), 3 survivor (3M), 39 old (39M), 1 humongous (1M), 6 free (6M)
}
Event: 44.682 {heap After GC invocations=53 (full 0):
 garbage-first heap   total reserved 2013184K, committed 66560K, used 45064K [0x0000000085200000, 0x0000000100000000)
  region size 1M, 0 eden (0M), 2 survivor (2M), 42 old (42M), 1 humongous (1M), 20 free (20M)
}
Event: 45.228 {heap Before GC invocations=54 (full 0):
 garbage-first heap   total reserved 2013184K, committed 66560K, used 60424K [0x0000000085200000, 0x0000000100000000)
  region size 1M, 15 eden (15M), 2 survivor (2M), 42 old (42M), 1 humongous (1M), 5 free (5M)
}
Event: 45.232 {heap After GC invocations=55 (full 0):
 garbage-first heap   total reserved 2013184K, committed 66560K, used 46182K [0x0000000085200000, 0x0000000100000000)
  region size 1M, 0 eden (0M), 3 survivor (3M), 42 old (42M), 1 humongous (1M), 19 free (19M)
}
Event: 45.737 {heap Before GC invocations=55 (full 0):
 garbage-first heap   total reserved 2013184K, committed 66560K, used 61542K [0x0000000085200000, 0x0000000100000000)
  region size 1M, 15 eden (15M), 3 survivor (3M), 42 old (42M), 1 humongous (1M), 4 free (4M)
}
Event: 45.747 {heap After GC invocations=56 (full 0):
 garbage-first heap   total reserved 2013184K, committed 68608K, used 47454K [0x0000000085200000, 0x0000000100000000)
  region size 1M, 0 eden (0M), 3 survivor (3M), 43 old (43M), 1 humongous (1M), 20 free (20M)
}
Event: 437.360 {heap Before GC invocations=56 (full 0):
 garbage-first heap   total reserved 2013184K, committed 68608K, used 62814K [0x0000000085200000, 0x0000000100000000)
  region size 1M, 15 eden (15M), 3 survivor (3M), 43 old (43M), 1 humongous (1M), 5 free (5M)
}
Event: 437.427 {heap After GC invocations=57 (full 0):
 garbage-first heap   total reserved 2013184K, committed 68608K, used 48777K [0x0000000085200000, 0x0000000100000000)
  region size 1M, 0 eden (0M), 3 survivor (3M), 44 old (44M), 1 humongous (1M), 19 free (19M)
}
Event: 473.252 {heap Before GC invocations=58 (full 0):
 garbage-first heap   total reserved 2013184K, committed 68608K, used 63113K [0x0000000085200000, 0x0000000100000000)
  region size 1M, 15 eden (15M), 3 survivor (3M), 44 old (44M), 1 humongous (1M), 4 free (4M)
}
Event: 474.301 {heap After GC invocations=59 (full 0):
 garbage-first heap   total reserved 2013184K, committed 208896K, used 49793K [0x0000000085200000, 0x0000000100000000)
  region size 1M, 0 eden (0M), 3 survivor (3M), 46 old (46M), 1 humongous (1M), 154 free (154M)
}
Event: 475.702 {heap Before GC invocations=59 (full 0):
 garbage-first heap   total reserved 2013184K, committed 208896K, used 56961K [0x0000000085200000, 0x0000000100000000)
  region size 1M, 7 eden (7M), 3 survivor (3M), 46 old (46M), 1 humongous (1M), 147 free (147M)
}
Event: 477.719 {heap After GC invocations=60 (full 0):
 garbage-first heap   total reserved 2013184K, committed 208896K, used 48535K [0x0000000085200000, 0x0000000100000000)
  region size 1M, 0 eden (0M), 1 survivor (1M), 46 old (46M), 1 humongous (1M), 156 free (156M)
}
Event: 477.768 {heap Before GC invocations=60 (full 0):
 garbage-first heap   total reserved 2013184K, committed 208896K, used 57751K [0x0000000085200000, 0x0000000100000000)
  region size 1M, 9 eden (9M), 1 survivor (1M), 46 old (46M), 1 humongous (1M), 147 free (147M)
}
Event: 477.788 {heap After GC invocations=61 (full 0):
 garbage-first heap   total reserved 2013184K, committed 208896K, used 45685K [0x0000000085200000, 0x0000000100000000)
  region size 1M, 0 eden (0M), 1 survivor (1M), 43 old (43M), 1 humongous (1M), 159 free (159M)
}
Event: 477.837 {heap Before GC invocations=61 (full 0):
 garbage-first heap   total reserved 2013184K, committed 208896K, used 54901K [0x0000000085200000, 0x0000000100000000)
  region size 1M, 9 eden (9M), 1 survivor (1M), 43 old (43M), 1 humongous (1M), 150 free (150M)
}
Event: 477.859 {heap After GC invocations=62 (full 0):
 garbage-first heap   total reserved 2013184K, committed 208896K, used 44283K [0x0000000085200000, 0x0000000100000000)
  region size 1M, 0 eden (0M), 2 survivor (2M), 41 old (41M), 1 humongous (1M), 160 free (160M)
}
Event: 477.889 {heap Before GC invocations=62 (full 0):
 garbage-first heap   total reserved 2013184K, committed 208896K, used 52475K [0x0000000085200000, 0x0000000100000000)
  region size 1M, 8 eden (8M), 2 survivor (2M), 41 old (41M), 1 humongous (1M), 152 free (152M)
}

Metaspace Usage History (20 events):
Event: 43.761 {metaspace After GC invocations=51 (full 0):
 Metaspace       used 78042K, committed 78656K, reserved 1179648K
  class space    used 12007K, committed 12288K, reserved 1048576K
}
Event: 43.853 {metaspace Before GC invocations=51 (full 0):
 Metaspace       used 78044K, committed 78656K, reserved 1179648K
  class space    used 12007K, committed 12288K, reserved 1048576K
}
Event: 43.861 {metaspace After GC invocations=52 (full 0):
 Metaspace       used 78044K, committed 78656K, reserved 1179648K
  class space    used 12007K, committed 12288K, reserved 1048576K
}
Event: 44.675 {metaspace Before GC invocations=52 (full 0):
 Metaspace       used 79083K, committed 79680K, reserved 1179648K
  class space    used 12156K, committed 12416K, reserved 1048576K
}
Event: 44.682 {metaspace After GC invocations=53 (full 0):
 Metaspace       used 79083K, committed 79680K, reserved 1179648K
  class space    used 12156K, committed 12416K, reserved 1048576K
}
Event: 45.228 {metaspace Before GC invocations=54 (full 0):
 Metaspace       used 80576K, committed 81152K, reserved 1179648K
  class space    used 12399K, committed 12672K, reserved 1048576K
}
Event: 45.232 {metaspace After GC invocations=55 (full 0):
 Metaspace       used 80576K, committed 81152K, reserved 1179648K
  class space    used 12399K, committed 12672K, reserved 1048576K
}
Event: 45.737 {metaspace Before GC invocations=55 (full 0):
 Metaspace       used 82079K, committed 82688K, reserved 1179648K
  class space    used 12642K, committed 12928K, reserved 1048576K
}
Event: 45.747 {metaspace After GC invocations=56 (full 0):
 Metaspace       used 82079K, committed 82688K, reserved 1179648K
  class space    used 12642K, committed 12928K, reserved 1048576K
}
Event: 437.360 {metaspace Before GC invocations=56 (full 0):
 Metaspace       used 85269K, committed 85824K, reserved 1179648K
  class space    used 13104K, committed 13312K, reserved 1048576K
}
Event: 437.427 {metaspace After GC invocations=57 (full 0):
 Metaspace       used 85269K, committed 85824K, reserved 1179648K
  class space    used 13104K, committed 13312K, reserved 1048576K
}
Event: 473.252 {metaspace Before GC invocations=58 (full 0):
 Metaspace       used 88063K, committed 88576K, reserved 1179648K
  class space    used 13532K, committed 13760K, reserved 1048576K
}
Event: 474.301 {metaspace After GC invocations=59 (full 0):
 Metaspace       used 88063K, committed 88576K, reserved 1179648K
  class space    used 13532K, committed 13760K, reserved 1048576K
}
Event: 475.702 {metaspace Before GC invocations=59 (full 0):
 Metaspace       used 89494K, committed 90048K, reserved 1179648K
  class space    used 13751K, committed 14016K, reserved 1048576K
}
Event: 477.719 {metaspace After GC invocations=60 (full 0):
 Metaspace       used 89494K, committed 90048K, reserved 1179648K
  class space    used 13751K, committed 14016K, reserved 1048576K
}
Event: 477.769 {metaspace Before GC invocations=60 (full 0):
 Metaspace       used 89494K, committed 90048K, reserved 1179648K
  class space    used 13751K, committed 14016K, reserved 1048576K
}
Event: 477.788 {metaspace After GC invocations=61 (full 0):
 Metaspace       used 89494K, committed 90048K, reserved 1179648K
  class space    used 13751K, committed 14016K, reserved 1048576K
}
Event: 477.837 {metaspace Before GC invocations=61 (full 0):
 Metaspace       used 89499K, committed 90048K, reserved 1179648K
  class space    used 13751K, committed 14016K, reserved 1048576K
}
Event: 477.859 {metaspace After GC invocations=62 (full 0):
 Metaspace       used 89499K, committed 90048K, reserved 1179648K
  class space    used 13751K, committed 14016K, reserved 1048576K
}
Event: 477.889 {metaspace Before GC invocations=62 (full 0):
 Metaspace       used 89499K, committed 90048K, reserved 1179648K
  class space    used 13751K, committed 14016K, reserved 1048576K
}

Dll operation events (20 events):
Event: 1.577 Attempting to load shared library C:\Users\hajar\.jdks\openjdk-26\bin\zip.dll
Event: 1.584 Loaded shared library C:\Users\hajar\.jdks\openjdk-26\bin\zip.dll
Event: 1.603 Attempting to load shared library C:\Users\hajar\.jdks\openjdk-26\bin\instrument.dll
Event: 1.603 Loaded shared library C:\Users\hajar\.jdks\openjdk-26\bin\instrument.dll
Event: 1.631 Attempting to load shared library C:\Users\hajar\.jdks\openjdk-26\bin\net.dll
Event: 1.637 Loaded shared library C:\Users\hajar\.jdks\openjdk-26\bin\net.dll
Event: 1.660 Attempting to load shared library C:\Users\hajar\.jdks\openjdk-26\bin\nio.dll
Event: 1.665 Loaded shared library C:\Users\hajar\.jdks\openjdk-26\bin\nio.dll
Event: 1.678 Attempting to load shared library C:\Users\hajar\.jdks\openjdk-26\bin\zip.dll
Event: 1.679 Loaded shared library C:\Users\hajar\.jdks\openjdk-26\bin\zip.dll
Event: 3.465 Attempting to load shared library C:\Users\hajar\.jdks\openjdk-26\bin\extnet.dll
Event: 3.509 Loaded shared library C:\Users\hajar\.jdks\openjdk-26\bin\extnet.dll
Event: 3.946 Attempting to load shared library C:\Users\hajar\.jdks\openjdk-26\bin\jimage.dll
Event: 3.947 Loaded shared library C:\Users\hajar\.jdks\openjdk-26\bin\jimage.dll
Event: 19.298 Attempting to load shared library C:\Users\hajar\.jdks\openjdk-26\bin\sunmscapi.dll
Event: 19.332 Loaded shared library C:\Users\hajar\.jdks\openjdk-26\bin\sunmscapi.dll
Event: 27.061 Attempting to load shared library C:\Users\hajar\.jdks\openjdk-26\bin\management.dll
Event: 27.064 Loaded shared library C:\Users\hajar\.jdks\openjdk-26\bin\management.dll
Event: 27.071 Attempting to load shared library C:\Users\hajar\.jdks\openjdk-26\bin\management_ext.dll
Event: 27.077 Loaded shared library C:\Users\hajar\.jdks\openjdk-26\bin\management_ext.dll

Deoptimization events (10 events):
Event: 17.395 Thread 0x00000194b3173fc0 DEOPT PACKING pc=0x00000194bc091e2c sp=0x00000020acbfc780
Event: 17.396 Thread 0x00000194b3173fc0 DEOPT UNPACKING pc=0x00000194bbe51a02 sp=0x00000020acbfbc78 mode 0
Event: 27.703 Thread 0x00000194ca18c0e0 DEOPT PACKING pc=0x00000194bc058a51 sp=0x00000020aebfec90
Event: 27.703 Thread 0x00000194ca18c0e0 DEOPT UNPACKING pc=0x00000194bbe51a02 sp=0x00000020aebfe0e8 mode 3
Event: 27.703 Thread 0x00000194ca183010 DEOPT PACKING pc=0x00000194bc057256 sp=0x00000020ae6fec50
Event: 27.703 Thread 0x00000194ca183010 DEOPT UNPACKING pc=0x00000194bbe51a02 sp=0x00000020ae6fe0e0 mode 3
Event: 37.455 Thread 0x00000194b3173fc0 DEOPT PACKING pc=0x00000194bc5c7afc sp=0x00000020acbfd120
Event: 37.455 Thread 0x00000194b3173fc0 DEOPT UNPACKING pc=0x00000194bbe51a02 sp=0x00000020acbfc5b8 mode 0
Event: 41.108 Thread 0x00000194b3173fc0 DEOPT PACKING pc=0x00000194bc20c9cc sp=0x00000020acbfc070
Event: 41.108 Thread 0x00000194b3173fc0 DEOPT UNPACKING pc=0x00000194bbe51a02 sp=0x00000020acbfb5a0 mode 0

Classes loaded (20 events):
Event: 472.369 Loading class jdk/internal/icu/util/CodePointTrie
Event: 472.371 Loading class jdk/internal/icu/util/CodePointMap
Event: 472.373 Loading class jdk/internal/icu/util/CodePointMap done
Event: 472.373 Loading class jdk/internal/icu/util/CodePointTrie done
Event: 472.373 Loading class jdk/internal/icu/util/CodePointTrie$Type
Event: 472.373 Loading class jdk/internal/icu/util/CodePointTrie$Type done
Event: 472.374 Loading class java/nio/ByteBufferAsCharBufferB
Event: 472.374 Loading class java/nio/ByteBufferAsCharBufferB done
Event: 472.376 Loading class jdk/internal/icu/util/CodePointTrie$Small16
Event: 472.376 Loading class jdk/internal/icu/util/CodePointTrie$Small
Event: 472.377 Loading class jdk/internal/icu/util/CodePointTrie$Small done
Event: 472.377 Loading class jdk/internal/icu/util/CodePointTrie$Small16 done
Event: 472.377 Loading class jdk/internal/icu/util/CodePointTrie$Data16
Event: 472.377 Loading class jdk/internal/icu/util/CodePointTrie$Data
Event: 472.377 Loading class jdk/internal/icu/util/CodePointTrie$Data done
Event: 472.377 Loading class jdk/internal/icu/util/CodePointTrie$Data16 done
Event: 472.771 Loading class java/util/function/DoubleUnaryOperator
Event: 472.772 Loading class java/util/function/DoubleUnaryOperator done
Event: 474.346 Loading class java/util/AbstractMap$SimpleEntry
Event: 474.347 Loading class java/util/AbstractMap$SimpleEntry done

Classes unloaded (20 events):
Event: 437.641 Thread 0x00000194c499e360 Unloading class 0x0000000031420800 'java/lang/invoke/LambdaForm$MH+0x0000000031420800'
Event: 437.641 Thread 0x00000194c499e360 Unloading class 0x00000000313dd400 'java/lang/invoke/LambdaForm$MH+0x00000000313dd400'
Event: 437.641 Thread 0x00000194c499e360 Unloading class 0x00000000313dd000 'java/lang/invoke/LambdaForm$MH+0x00000000313dd000'
Event: 437.641 Thread 0x00000194c499e360 Unloading class 0x00000000313dcc00 'java/lang/invoke/LambdaForm$BMH+0x00000000313dcc00'
Event: 437.642 Thread 0x00000194c499e360 Unloading class 0x00000000313d1000 'java/lang/invoke/LambdaForm$MH+0x00000000313d1000'
Event: 437.642 Thread 0x00000194c499e360 Unloading class 0x00000000313d0c00 'java/lang/invoke/LambdaForm$MH+0x00000000313d0c00'
Event: 437.642 Thread 0x00000194c499e360 Unloading class 0x00000000313d0000 'java/lang/invoke/LambdaForm$MH+0x00000000313d0000'
Event: 437.642 Thread 0x00000194c499e360 Unloading class 0x00000000313b9400 'java/lang/invoke/LambdaForm$MH+0x00000000313b9400'
Event: 437.642 Thread 0x00000194c499e360 Unloading class 0x00000000313b9000 'java/lang/invoke/LambdaForm$MH+0x00000000313b9000'
Event: 437.642 Thread 0x00000194c499e360 Unloading class 0x00000000313b8c00 'java/lang/invoke/LambdaForm$MH+0x00000000313b8c00'
Event: 437.642 Thread 0x00000194c499e360 Unloading class 0x00000000313b0800 'java/lang/invoke/LambdaForm$MH+0x00000000313b0800'
Event: 437.643 Thread 0x00000194c499e360 Unloading class 0x0000000031218400 'java/lang/invoke/LambdaForm$MH+0x0000000031218400'
Event: 437.643 Thread 0x00000194c499e360 Unloading class 0x0000000031218000 'java/lang/invoke/LambdaForm$MH+0x0000000031218000'
Event: 437.643 Thread 0x00000194c499e360 Unloading class 0x0000000031117000 'java/lang/invoke/LambdaForm$MH+0x0000000031117000'
Event: 437.643 Thread 0x00000194c499e360 Unloading class 0x0000000031116c00 'java/lang/invoke/LambdaForm$MH+0x0000000031116c00'
Event: 437.643 Thread 0x00000194c499e360 Unloading class 0x0000000031114c00 'java/lang/invoke/LambdaForm$MH+0x0000000031114c00'
Event: 437.643 Thread 0x00000194c499e360 Unloading class 0x0000000031100000 'java/lang/invoke/LambdaForm$MH+0x0000000031100000'
Event: 437.643 Thread 0x00000194c499e360 Unloading class 0x00000000310dec00 'java/lang/invoke/LambdaForm$MH+0x00000000310dec00'
Event: 437.644 Thread 0x00000194c499e360 Unloading class 0x00000000310c4c00 'java/lang/invoke/LambdaForm$MH+0x00000000310c4c00'
Event: 437.644 Thread 0x00000194c499e360 Unloading class 0x0000000031098800 'java/lang/invoke/LambdaForm$MH+0x0000000031098800'

Classes redefined (0 events):
No events

Internal exceptions (20 events):
Event: 45.633 Thread 0x00000194b3173fc0 Exception <a 'java/lang/IncompatibleClassChangeError'{0x000000008816e690}: Found class java.lang.Object, but interface was expected> (0x000000008816e690) 
thrown [s\open\src\hotspot\share\interpreter\linkResolver.cpp, line 871]
Event: 45.810 Thread 0x00000194b3173fc0 Exception <a 'java/lang/NoSuchMethodError'{0x0000000088c67c40}: 'int java.lang.invoke.DirectMethodHandle$Holder.invokeStaticInit(java.lang.Object, java.lang.Object, java.lang.Object, java.lang.Object)'> (0x0000000088c67c40) 
thrown [s\open\src\hotspot\share\interpreter\linkResolver.cpp, line 804]
Event: 45.939 Thread 0x00000194b3173fc0 Exception <a 'java/lang/IncompatibleClassChangeError'{0x000000008890f870}: Found class java.lang.Object, but interface was expected> (0x000000008890f870) 
thrown [s\open\src\hotspot\share\interpreter\linkResolver.cpp, line 871]
Event: 46.187 Thread 0x00000194b3173fc0 Exception <a 'java/lang/NoSuchMethodError'{0x00000000887cd648}: 'java.lang.Object java.lang.invoke.DirectMethodHandle$Holder.newInvokeSpecial(java.lang.Object, java.lang.Object, int, java.lang.Object, java.lang.Object)'> (0x00000000887cd648) 
thrown [s\open\src\hotspot\share\interpreter\linkResolver.cpp, line 804]
Event: 46.188 Thread 0x00000194b3173fc0 Exception <a 'java/lang/NoSuchMethodError'{0x00000000887ddb50}: 'java.lang.Object java.lang.invoke.Invokers$Holder.linkToTargetMethod(java.lang.Object, int, java.lang.Object, java.lang.Object, java.lang.Object)'> (0x00000000887ddb50) 
thrown [s\open\src\hotspot\share\interpreter\linkResolver.cpp, line 804]
Event: 434.558 Thread 0x00000194cb7b65a0 Exception <a 'java/lang/NoSuchMethodError'{0x000000008849a630}: 'java.lang.Object java.lang.invoke.DirectMethodHandle$Holder.invokeStatic(java.lang.Object, java.lang.Object, java.lang.Object, int, int)'> (0x000000008849a630) 
thrown [s\open\src\hotspot\share\interpreter\linkResolver.cpp, line 804]
Event: 434.637 Thread 0x00000194cb7b65a0 Exception <a 'java/lang/NoSuchMethodError'{0x00000000884a25d8}: 'java.lang.Object java.lang.invoke.DirectMethodHandle$Holder.invokeStaticInit(java.lang.Object, java.lang.Object, java.lang.Object, int, int)'> (0x00000000884a25d8) 
thrown [s\open\src\hotspot\share\interpreter\linkResolver.cpp, line 804]
Event: 435.683 Thread 0x00000194cb7ab630 Exception <a 'java/lang/NoSuchMethodError'{0x0000000088387870}: 'java.lang.Object java.lang.invoke.DirectMethodHandle$Holder.invokeSpecial(java.lang.Object, java.lang.Object, java.lang.Object, java.lang.Object, java.lang.Object, long)'> (0x0000000088387870) 
thrown [s\open\src\hotspot\share\interpreter\linkResolver.cpp, line 804]
Event: 435.709 Thread 0x00000194cb7ab630 Exception <a 'java/lang/NoSuchMethodError'{0x00000000883901d8}: 'java.lang.Object java.lang.invoke.DirectMethodHandle$Holder.invokeSpecial(java.lang.Object, java.lang.Object, java.lang.Object, java.lang.Object, java.lang.Object, java.lang.Object, long)'> (0x00000000883901d8) 
thrown [s\open\src\hotspot\share\interpreter\linkResolver.cpp, line 804]
Event: 435.712 Thread 0x00000194cb7ab630 Exception <a 'java/lang/NoSuchMethodError'{0x0000000088398588}: 'java.lang.Object java.lang.invoke.DelegatingMethodHandle$Holder.reinvoke_L(java.lang.Object, java.lang.Object, java.lang.Object, java.lang.Object, java.lang.Object, long)'> (0x0000000088398588) 
thrown [s\open\src\hotspot\share\interpreter\linkResolver.cpp, line 804]
Event: 435.729 Thread 0x00000194cb7ab630 Exception <a 'java/lang/NoSuchMethodError'{0x00000000883a89b0}: 'java.lang.Object java.lang.invoke.Invokers$Holder.linkToTargetMethod(java.lang.Object, java.lang.Object, java.lang.Object, long, java.lang.Object)'> (0x00000000883a89b0) 
thrown [s\open\src\hotspot\share\interpreter\linkResolver.cpp, line 804]
Event: 471.955 Thread 0x00000194cb7a9ec0 Exception <a 'java/lang/NoSuchMethodError'{0x0000000088ac58b8}: 'java.lang.Object java.lang.invoke.Invokers$Holder.invoker(java.lang.Object, java.lang.Object, java.lang.Object, java.lang.Object)'> (0x0000000088ac58b8) 
thrown [s\open\src\hotspot\share\interpreter\linkResolver.cpp, line 804]
Event: 472.773 Thread 0x00000194cb7a9ec0 Exception <a 'java/lang/NoSuchMethodError'{0x00000000885eed90}: 'double java.lang.invoke.DirectMethodHandle$Holder.invokeStatic(java.lang.Object, double)'> (0x00000000885eed90) 
thrown [s\open\src\hotspot\share\interpreter\linkResolver.cpp, line 804]
Event: 472.775 Thread 0x00000194cb7a9ec0 Exception <a 'java/lang/NoSuchMethodError'{0x00000000885fe3f0}: 'double java.lang.invoke.DirectMethodHandle$Holder.invokeStaticInit(java.lang.Object, double)'> (0x00000000885fe3f0) 
thrown [s\open\src\hotspot\share\interpreter\linkResolver.cpp, line 804]
Event: 473.148 Thread 0x00000194cb7a9ec0 Exception <a 'java/lang/NoSuchMethodError'{0x00000000881a01b8}: 'java.lang.Object java.lang.invoke.DirectMethodHandle$Holder.invokeStatic(java.lang.Object, java.lang.Object, java.lang.Object, java.lang.Object, java.lang.Object, java.lang.Object, java.lang.Object, java.lang.Object, java.lang.Object, int)'> (0x00000000881a01b8) 
thrown [s\open\src\hotspot\share\interpreter\linkResolver.cpp, line 804]
Event: 473.165 Thread 0x00000194cb7a9ec0 Exception <a 'java/lang/NoSuchMethodError'{0x00000000881c9310}: 'java.lang.Object java.lang.invoke.DirectMethodHandle$Holder.invokeStatic(java.lang.Object, java.lang.Object, java.lang.Object, java.lang.Object, java.lang.Object, java.lang.Object, java.lang.Object, java.lang.Object, int)'> (0x00000000881c9310) 
thrown [s\open\src\hotspot\share\interpreter\linkResolver.cpp, line 804]
Event: 474.365 Thread 0x00000194cb7a9ec0 Exception <a 'java/lang/NoSuchMethodError'{0x00000000916a26a8}: 'java.lang.Object java.lang.invoke.DirectMethodHandle$Holder.newInvokeSpecial(java.lang.Object, java.lang.Object, int, int)'> (0x00000000916a26a8) 
thrown [s\open\src\hotspot\share\interpreter\linkResolver.cpp, line 804]
Event: 474.402 Thread 0x00000194cb7a9ec0 Exception <a 'java/lang/NoSuchMethodError'{0x00000000915182c8}: 'void java.lang.invoke.DirectMethodHandle$Holder.invokeStatic(java.lang.Object, java.lang.Object, int, int, java.lang.Object)'> (0x00000000915182c8) 
thrown [s\open\src\hotspot\share\interpreter\linkResolver.cpp, line 804]
Event: 474.424 Thread 0x00000194cb7a9ec0 Exception <a 'java/lang/NoSuchMethodError'{0x0000000091571b08}: 'void java.lang.invoke.DirectMethodHandle$Holder.invokeSpecialIFC(java.lang.Object, java.lang.Object, int, java.lang.Object, java.lang.Object, java.lang.Object, java.lang.Object)'> (0x0000000091571b08) 
thrown [s\open\src\hotspot\share\interpreter\linkResolver.cpp, line 804]
Event: 474.785 Thread 0x00000194cb7a9ec0 Exception <a 'java/lang/IncompatibleClassChangeError'{0x000000009134e090}: Found class java.lang.Object, but interface was expected> (0x000000009134e090) 
thrown [s\open\src\hotspot\share\interpreter\linkResolver.cpp, line 871]

VM Operations (20 events):
Event: 437.427 Executing safepoint VM operation: G1CollectForAllocation (G1 Evacuation Pause) done
Event: 437.624 Executing safepoint VM operation: G1PauseRemark
Event: 438.705 Executing safepoint VM operation: G1PauseRemark done
Event: 438.735 Executing safepoint VM operation: G1PauseCleanup
Event: 438.736 Executing safepoint VM operation: G1PauseCleanup done
Event: 438.797 Executing non-safepoint VM operation: HandshakeAllThreads (Deoptimize)
Event: 438.797 Executing non-safepoint VM operation: HandshakeAllThreads (Deoptimize) done
Event: 439.034 Executing non-safepoint VM operation: HandshakeAllThreads (Deoptimize)
Event: 439.034 Executing non-safepoint VM operation: HandshakeAllThreads (Deoptimize) done
Event: 473.252 Executing safepoint VM operation: G1CollectForAllocation (G1 Evacuation Pause)
Event: 474.301 Executing safepoint VM operation: G1CollectForAllocation (G1 Evacuation Pause) done
Event: 474.357 Executing non-safepoint VM operation: HandshakeAllThreads (Deoptimize)
Event: 474.357 Executing non-safepoint VM operation: HandshakeAllThreads (Deoptimize) done
Event: 475.702 Executing safepoint VM operation: G1CollectForAllocation (G1 Evacuation Pause)
Event: 477.719 Executing safepoint VM operation: G1CollectForAllocation (G1 Evacuation Pause) done
Event: 477.768 Executing safepoint VM operation: G1CollectForAllocation (G1 Evacuation Pause)
Event: 477.788 Executing safepoint VM operation: G1CollectForAllocation (G1 Evacuation Pause) done
Event: 477.837 Executing safepoint VM operation: G1CollectForAllocation (G1 Evacuation Pause)
Event: 477.859 Executing safepoint VM operation: G1CollectForAllocation (G1 Evacuation Pause) done
Event: 477.889 Executing safepoint VM operation: G1CollectForAllocation (G1 Evacuation Pause)

Memory protections (0 events):
No events

Nmethod flushes (20 events):
Event: 438.697 Thread 0x00000194c499e360 flushing  nmethod 0x00000194bc179a08
Event: 438.697 Thread 0x00000194c499e360 flushing  nmethod 0x00000194bc17a008
Event: 438.697 Thread 0x00000194c499e360 flushing  nmethod 0x00000194bc17a408
Event: 438.697 Thread 0x00000194c499e360 flushing  nmethod 0x00000194bbf2ad88
Event: 438.697 Thread 0x00000194c499e360 flushing  nmethod 0x00000194bbfb8708
Event: 438.697 Thread 0x00000194c499e360 flushing  nmethod 0x00000194bc06f688
Event: 438.697 Thread 0x00000194c499e360 flushing  nmethod 0x00000194bc151208
Event: 438.697 Thread 0x00000194c499e360 flushing  nmethod 0x00000194bc151f08
Event: 438.697 Thread 0x00000194c499e360 flushing  nmethod 0x00000194bc16b708
Event: 438.697 Thread 0x00000194c499e360 flushing  nmethod 0x00000194bc16ba88
Event: 438.697 Thread 0x00000194c499e360 flushing  nmethod 0x00000194bc16bd88
Event: 438.697 Thread 0x00000194c499e360 flushing  nmethod 0x00000194bc16dc88
Event: 438.697 Thread 0x00000194c499e360 flushing  nmethod 0x00000194bc16df88
Event: 438.697 Thread 0x00000194c499e360 flushing  nmethod 0x00000194bc170088
Event: 438.697 Thread 0x00000194c499e360 flushing  nmethod 0x00000194bc170688
Event: 438.697 Thread 0x00000194c499e360 flushing  nmethod 0x00000194bc170988
Event: 438.697 Thread 0x00000194c499e360 flushing  nmethod 0x00000194bc173688
Event: 438.697 Thread 0x00000194c499e360 flushing  nmethod 0x00000194bc176108
Event: 438.697 Thread 0x00000194c499e360 flushing  nmethod 0x00000194bc30d008
Event: 438.697 Thread 0x00000194c499e360 flushing  nmethod 0x00000194bc5e1588

Events (20 events):
Event: 31.052 Thread 0x00000194b3173fc0 Thread added: 0x00000194c99507e0
Event: 31.165 Thread 0x00000194c99507e0 Thread added: 0x00000194ca444950
Event: 37.038 Thread 0x00000194ca444950 Thread exited: 0x00000194ca444950
Event: 46.202 Thread 0x00000194b3173fc0 Thread added: 0x00000194cb7aa690
Event: 46.203 Thread 0x00000194b3173fc0 Thread added: 0x00000194cb7ab630
Event: 46.203 Thread 0x00000194b3173fc0 Thread added: 0x00000194cb7a9ec0
Event: 46.203 Thread 0x00000194b3173fc0 Thread added: 0x00000194cb7a7f80
Event: 46.203 Thread 0x00000194b3173fc0 Thread added: 0x00000194cb7a8f20
Event: 46.203 Thread 0x00000194b3173fc0 Thread added: 0x00000194cb7b4660
Event: 46.203 Thread 0x00000194b3173fc0 Thread added: 0x00000194cb7b2720
Event: 46.203 Thread 0x00000194b3173fc0 Thread added: 0x00000194cb7b2ef0
Event: 46.204 Thread 0x00000194b3173fc0 Thread added: 0x00000194cb7b3e90
Event: 46.204 Thread 0x00000194b3173fc0 Thread added: 0x00000194cb7b7d10
Event: 46.237 Thread 0x00000194b3173fc0 Thread added: 0x00000194cb7b4e30
Event: 46.239 Thread 0x00000194b3173fc0 Thread added: 0x00000194cb7b65a0
Event: 46.257 Thread 0x00000194b3173fc0 Thread exited: 0x00000194b3173fc0
Event: 46.257 Thread 0x00000194cb7fab90 Thread added: 0x00000194cb7fab90
Event: 51.257 Thread 0x00000194c98505e0 Thread exited: 0x00000194c98505e0
Event: 438.984 Thread 0x00000194c49d5ac0 Thread added: 0x00000194cb35b130
Event: 445.836 Thread 0x00000194cb35b130 Thread exited: 0x00000194cb35b130


Dynamic libraries:
0x00007ff65f240000 - 0x00007ff65f24e000 	C:\Users\hajar\.jdks\openjdk-26\bin\java.exe
0x00007ffbada80000 - 0x00007ffbadce6000 	C:\WINDOWS\SYSTEM32\ntdll.dll
0x00007ffb85870000 - 0x00007ffb85891000 	C:\Program Files\Avast Software\Avast\aswhook.dll
0x00007ffbac350000 - 0x00007ffbac419000 	C:\WINDOWS\System32\KERNEL32.DLL
0x00007ffbab210000 - 0x00007ffbab60f000 	C:\WINDOWS\System32\KERNELBASE.dll
0x00007ffb981c0000 - 0x00007ffb981d7000 	C:\Users\hajar\.jdks\openjdk-26\bin\jli.dll
0x00007ffb94dd0000 - 0x00007ffb94dee000 	C:\Users\hajar\.jdks\openjdk-26\bin\VCRUNTIME140.dll
0x00007ffbad870000 - 0x00007ffbada36000 	C:\WINDOWS\System32\USER32.dll
0x00007ffbaae50000 - 0x00007ffbaae77000 	C:\WINDOWS\System32\win32u.dll
0x00007ffbaaff0000 - 0x00007ffbab13c000 	C:\WINDOWS\System32\ucrtbase.dll
0x00007ffbac270000 - 0x00007ffbac29b000 	C:\WINDOWS\System32\GDI32.dll
0x00007ffbaac90000 - 0x00007ffbaadb9000 	C:\WINDOWS\System32\gdi32full.dll
0x00007ffbaaf40000 - 0x00007ffbaafe3000 	C:\WINDOWS\System32\msvcp_win.dll
0x00007ffb85fd0000 - 0x00007ffb86261000 	C:\WINDOWS\WinSxS\amd64_microsoft.windows.common-controls_6595b64144ccf1df_6.0.26100.8972_none_3e0da176e32f9d4b\COMCTL32.dll
0x00007ffbac2a0000 - 0x00007ffbac349000 	C:\WINDOWS\System32\msvcrt.dll
0x00007ffbad5f0000 - 0x00007ffbad622000 	C:\WINDOWS\System32\IMM32.DLL
0x00007ffba32a0000 - 0x00007ffba32ac000 	C:\Users\hajar\.jdks\openjdk-26\bin\vcruntime140_1.dll
0x00007ffb54470000 - 0x00007ffb544fd000 	C:\Users\hajar\.jdks\openjdk-26\bin\msvcp140.dll
0x00007ffaf2db0000 - 0x00007ffaf3c7e000 	C:\Users\hajar\.jdks\openjdk-26\bin\server\jvm.dll
0x00007ffbad520000 - 0x00007ffbad5dc000 	C:\WINDOWS\System32\ADVAPI32.dll
0x00007ffbac420000 - 0x00007ffbac4c9000 	C:\WINDOWS\System32\sechost.dll
0x00007ffbac4d0000 - 0x00007ffbac5e8000 	C:\WINDOWS\System32\RPCRT4.dll
0x00007ffbad630000 - 0x00007ffbad6b2000 	C:\WINDOWS\System32\WS2_32.dll
0x00007ffbaaaf0000 - 0x00007ffbaab4e000 	C:\WINDOWS\SYSTEM32\POWRPROF.dll
0x00007ffb98d40000 - 0x00007ffb98d4b000 	C:\WINDOWS\SYSTEM32\VERSION.dll
0x00007ffb9e010000 - 0x00007ffb9e046000 	C:\WINDOWS\SYSTEM32\WINMM.dll
0x00007ffbaaad0000 - 0x00007ffbaaae5000 	C:\WINDOWS\SYSTEM32\UMPDC.dll
0x00007ffba9980000 - 0x00007ffba999b000 	C:\WINDOWS\SYSTEM32\kernel.appcore.dll
0x00007ffba0ea0000 - 0x00007ffba0eaa000 	C:\Users\hajar\.jdks\openjdk-26\bin\jimage.dll
0x00007ffba81e0000 - 0x00007ffba8422000 	C:\WINDOWS\SYSTEM32\DBGHELP.DLL
0x00007ffbacbe0000 - 0x00007ffbacf65000 	C:\WINDOWS\System32\combase.dll
0x00007ffbac170000 - 0x00007ffbac249000 	C:\WINDOWS\System32\OLEAUT32.dll
0x00007ffb95880000 - 0x00007ffb958bb000 	C:\WINDOWS\SYSTEM32\dbgcore.DLL
0x00007ffbaae80000 - 0x00007ffbaaf2c000 	C:\WINDOWS\System32\bcryptPrimitives.dll
0x00007ffb9feb0000 - 0x00007ffb9fec0000 	C:\Users\hajar\.jdks\openjdk-26\bin\instrument.dll
0x00007ffb86270000 - 0x00007ffb8628f000 	C:\Users\hajar\.jdks\openjdk-26\bin\java.dll
0x00007ffbad6c0000 - 0x00007ffbad859000 	C:\WINDOWS\System32\ole32.dll
0x00007ffbab830000 - 0x00007ffbabfb8000 	C:\WINDOWS\System32\SHELL32.dll
0x00007ffba8710000 - 0x00007ffba8fab000 	C:\WINDOWS\SYSTEM32\windows.storage.dll
0x00007ffbad070000 - 0x00007ffbad169000 	C:\WINDOWS\System32\SHCORE.dll
0x00007ffbabfc0000 - 0x00007ffbac026000 	C:\WINDOWS\System32\shlwapi.dll
0x00007ffbaabb0000 - 0x00007ffbaabd9000 	C:\WINDOWS\SYSTEM32\profapi.dll
0x00007ffb847b0000 - 0x00007ffb847c7000 	C:\Users\hajar\.jdks\openjdk-26\bin\zip.dll
0x00007ffb84ea0000 - 0x00007ffb84eb2000 	C:\Users\hajar\.jdks\openjdk-26\bin\net.dll
0x00007ffba9f30000 - 0x00007ffba9f9c000 	C:\WINDOWS\system32\mswsock.dll
0x00007ffb84e80000 - 0x00007ffb84e96000 	C:\Users\hajar\.jdks\openjdk-26\bin\nio.dll
0x00007ffb9d520000 - 0x00007ffb9d529000 	C:\Users\hajar\.jdks\openjdk-26\bin\extnet.dll
0x00007ffb985a0000 - 0x00007ffb985ae000 	C:\Users\hajar\.jdks\openjdk-26\bin\sunmscapi.dll
0x00007ffbab620000 - 0x00007ffbab79e000 	C:\WINDOWS\System32\CRYPT32.dll
0x00007ffbaa460000 - 0x00007ffbaa490000 	C:\WINDOWS\SYSTEM32\ncrypt.dll
0x00007ffbaa410000 - 0x00007ffbaa44f000 	C:\WINDOWS\SYSTEM32\NTASN1.dll
0x00007ffbaa240000 - 0x00007ffbaa25b000 	C:\WINDOWS\SYSTEM32\CRYPTSP.dll
0x00007ffba98e0000 - 0x00007ffba9919000 	C:\WINDOWS\system32\rsaenh.dll
0x00007ffba9fe0000 - 0x00007ffbaa012000 	C:\WINDOWS\SYSTEM32\USERENV.dll
0x00007ffbaab80000 - 0x00007ffbaabaa000 	C:\WINDOWS\SYSTEM32\bcrypt.dll
0x00007ffbaa220000 - 0x00007ffbaa22c000 	C:\WINDOWS\SYSTEM32\CRYPTBASE.dll
0x00007ffba93c0000 - 0x00007ffba93f3000 	C:\WINDOWS\SYSTEM32\IPHLPAPI.DLL
0x00007ffbad860000 - 0x00007ffbad86a000 	C:\WINDOWS\System32\NSI.dll
0x00007ffb98240000 - 0x00007ffb9824a000 	C:\Users\hajar\.jdks\openjdk-26\bin\management.dll
0x00007ffb88b60000 - 0x00007ffb88b6c000 	C:\Users\hajar\.jdks\openjdk-26\bin\management_ext.dll
0x00007ffbab7b0000 - 0x00007ffbab7b8000 	C:\WINDOWS\System32\PSAPI.DLL
0x00007ffba9400000 - 0x00007ffba9558000 	C:\WINDOWS\SYSTEM32\DNSAPI.dll
0x00007ffba9d10000 - 0x00007ffba9d1d000 	C:\WINDOWS\SYSTEM32\DSPARSE.dll
0x00007ffba0330000 - 0x00007ffba033b000 	C:\Windows\System32\rasadhlp.dll
0x00007ffba1b10000 - 0x00007ffba1b96000 	C:\WINDOWS\System32\fwpuclnt.dll
0x00007ffb70260000 - 0x00007ffb70268000 	C:\WINDOWS\system32\wshunix.dll

JVMTI agents:
C:\Program Files\JetBrains\IntelliJ IDEA 2025.3.4\lib\idea_rt.jar path:C:\Users\hajar\.jdks\openjdk-26\bin\instrument.dll, loaded, initialized, instrumentlib options:59225

dbghelp: loaded successfully - version: 4.0.5 - missing functions: none
symbol engine: initialized successfully - sym options: 0x614 - pdb path: .;C:\Users\hajar\.jdks\openjdk-26\bin;C:\WINDOWS\SYSTEM32;C:\Program Files\Avast Software\Avast;C:\WINDOWS\WinSxS\amd64_microsoft.windows.common-controls_6595b64144ccf1df_6.0.26100.8972_none_3e0da176e32f9d4b;C:\Users\hajar\.jdks\openjdk-26\bin\server

VM Arguments:
jvm_args: -XX:TieredStopAtLevel=1 -Dspring.output.ansi.enabled=always -javaagent:C:\Program Files\JetBrains\IntelliJ IDEA 2025.3.4\lib\idea_rt.jar=59225 -Dfile.encoding=UTF-8 -Dsun.stdout.encoding=UTF-8 -Dsun.stderr.encoding=UTF-8 
java_command: com.example.mroojBE.MroojBeApplication
java_class_path (initial): C:\Users\hajar\OneDrive\”ÿÕ «·„ﬂ »\MroojProject\target\classes;C:\Users\hajar\.m2\repository\org\springframework\boot\spring-boot-starter-webmvc\4.1.0\spring-boot-starter-webmvc-4.1.0.jar;C:\Users\hajar\.m2\repository\org\springframework\boot\spring-boot-starter\4.1.0\spring-boot-starter-4.1.0.jar;C:\Users\hajar\.m2\repository\org\springframework\boot\spring-boot-starter-logging\4.1.0\spring-boot-starter-logging-4.1.0.jar;C:\Users\hajar\.m2\repository\ch\qos\logback\logback-classic\1.5.34\logback-classic-1.5.34.jar;C:\Users\hajar\.m2\repository\ch\qos\logback\logback-core\1.5.34\logback-core-1.5.34.jar;C:\Users\hajar\.m2\repository\org\apache\logging\log4j\log4j-to-slf4j\2.25.4\log4j-to-slf4j-2.25.4.jar;C:\Users\hajar\.m2\repository\org\apache\logging\log4j\log4j-api\2.25.4\log4j-api-2.25.4.jar;C:\Users\hajar\.m2\repository\org\slf4j\jul-to-slf4j\2.0.18\jul-to-slf4j-2.0.18.jar;C:\Users\hajar\.m2\repository\org\springframework\boot\spring-boot-autoconfigure\4.1.0\spring-boot-autoconfigure-4.1.0.jar;C:\Users\hajar\.m2\repository\jakarta\annotation\jakarta.annotation-api\3.0.0\jakarta.annotation-api-3.0.0.jar;C:\Users\hajar\.m2\repository\org\yaml\snakeyaml\2.6\snakeyaml-2.6.jar;C:\Users\hajar\.m2\repository\org\springframework\boot\spring-boot-starter-jackson\4.1.0\spring-boot-starter-jackson-4.1.0.jar;C:\Users\hajar\.m2\repository\org\springframework\boot\spring-boot-jackson\4.1.0\spring-boot-jackson-4.1.0.jar;C:\Users\hajar\.m2\repository\org\springframework\boot\spring-boot-starter-tomcat\4.1.0\spring-boot-starter-tomcat-4.1.0.jar;C:\Users\hajar\.m2\repository\org\springframework\boot\spring-boot-starter-tomcat-runtime\4.1.0\spring-boot-starter-tomcat-runtime-4.1.0.jar;C:\Users\hajar\.m2\repository\org\apache\tomcat\embed\tomcat-embed-core\11.0.22\tomcat-embed-core-11.0.22.jar;C:\Users\hajar\.m2\repository\org\apache\tomcat\embed\tomcat-embed-websocket\11.0.22\tomcat-embed-websocket-11.0.22.jar;C:\Users\hajar\.m2\repository\org\springframework\boot\spring-boot-tomcat\4.1.0\spring-boot-tomcat-4.1.0.jar;C:\Users\hajar\.m2\repository\org\springframework\boot\spring-boot-http-converter\4.1.0\spring-boot-http-converter-4.1.0.jar;C:\Users\hajar\.m2\repository\org\springframework\boot\spring-boot\4.1.0\spring-boot-4.1.0.jar;C:\Users\hajar\.m2\repository\org\springframework\spring-context\7.0.8\spring-context-7.0.8.jar;C:\Users\hajar\.m2\repository\org\springframework\spring-web\7.0.8\spring-web-7.0.8.jar;C:\Users\hajar\.m2\repository\io\micrometer\micrometer-observation\1.17.0\micrometer-observation-1.17.0.jar;C:\Users\hajar\.m2\repository\io\micrometer\micrometer-commons\1.17.0\micrometer-commons-1.17.0.jar;C:\Users\hajar\.m2\repository\org\springframework\boot\spring-boot-webmvc\4.1.0\spring-boot-webmvc-4.1.0.jar;C:\Users\hajar\.m2\repository\org\springframework\boot\spring-boot-servlet\4.1.0\spring-boot-servlet-4.1.0.jar;C:\Users\hajar\.m2\repository\org\springframework\spring-webmvc\7.0.8\spring-webmvc-7.0.8.jar;C:\Users\hajar\.m2\repository\org\springframework\spring-expression\7.0.8\spring-expression-7.0.8.jar;C:\Users\hajar\.m2\repository\org\springframework\spring-core\7.0.8\spring-core-7.0.8.jar;C:\Users\hajar\.m2\repository\commons-logging\commons-logging\1.3.6\commons-logging-1.3.6.jar;C:\Users\hajar\.m2\repository\org\jspecify\jspecify\1.0.0\jspecify-1.0.0.jar;C:\Users\hajar\.m2\repository\org\springframework\boot\spring-boot-web-server\4.1.0\spring-boot-web-server-4.1.0.jar;C:\Users\hajar\.m2\repository\org\projectlombok\lombok\1.18.46\lombok-1.18.46.jar;C:\Users\hajar\.m2\repository\org\springframework\boot\spring-boot-starter-data-jpa\4.1.0\spring-boot-starter-data-jpa-4.1.0.jar;C:\Users\hajar\.m2\repository\org\springframework\boot\spring-boot-starter-jdbc\4.1.0\spring-boot-starter-jdbc-4.1.0.jar;C:\Users\hajar\.m2\repository\com\zaxxer\HikariCP\7.0.2\HikariCP-7.0.2.jar;C:\Users\hajar\.m2\repository\org\springframework\boot\spring-boot-data-jpa\4.1.0\spring-boot-data-jpa-4.1.0.jar;C:\Users\hajar\.m2\repository\org\springframework\boot\spring-boot-data-commons\4.1.0\spring-boot-data-commons-4.1.0.jar;C:\Users\hajar\.m2\repository\org\springframework\boot\spring-boot-persistence\4.1.0\spring-boot-persistence-4.1.0.jar;C:\Users\hajar\.m2\repository\org\springframework\data\spring-data-commons\4.1.0\spring-data-commons-4.1.0.jar;C:\Users\hajar\.m2\repository\org\springframework\boot\spring-boot-hibernate\4.1.0\spring-boot-hibernate-4.1.0.jar;C:\Users\hajar\.m2\repository\org\springframework\boot\spring-boot-jpa\4.1.0\spring-boot-jpa-4.1.0.jar;C:\Users\hajar\.m2\repository\org\springframework\spring-orm\7.0.8\spring-orm-7.0.8.jar;C:\Users\hajar\.m2\repository\org\springframework\data\spring-data-jpa\4.1.0\spring-data-jpa-4.1.0.jar;C:\Users\hajar\.m2\repository\org\springframework\spring-tx\7.0.8\spring-tx-7.0.8.jar;C:\Users\hajar\.m2\repository\org\springframework\spring-aspects\7.0.8\spring-aspects-7.0.8.jar;C:\Users\hajar\.m2\repository\org\aspectj\aspectjweaver\1.9.25.1\aspectjweaver-1.9.25.1.jar;C:\Users\hajar\.m2\repository\org\springframework\boot\spring-boot-jdbc\4.1.0\spring-boot-jdbc-4.1.0.jar;C:\Users\hajar\.m2\repository\org\springframework\boot\spring-boot-sql\4.1.0\spring-boot-sql-4.1.0.jar;C:\Users\hajar\.m2\repository\org\springframework\boot\spring-boot-transaction\4.1.0\spring-boot-transaction-4.1.0.jar;C:\Users\hajar\.m2\repository\org\springframework\spring-jdbc\7.0.8\spring-jdbc-7.0.8.jar;C:\Users\hajar\.m2\repository\org\springframework\boot\spring-boot-starter-validation\4.1.0\spring-boot-starter-validation-4.1.0.jar;C:\Users\hajar\.m2\repository\org\springframework\boot\spring-boot-validation\4.1.0\spring-boot-validation-4.1.0.jar;C:\Users\hajar\.m2\repository\org\apache\tomcat\embed\tomcat-embed-el\11.0.22\tomcat-embed-el-11.0.22.jar;C:\Users\hajar\.m2\repository\org\hibernate\validator\hibernate-validator\9.1.0.Final\hibernate-validator-9.1.0.Final.jar;C:\Users\hajar\.m2\repository\jakarta\validation\jakarta.validation-api\3.1.1\jakarta.validation-api-3.1.1.jar;C:\Users\hajar\.m2\repository\com\fasterxml\classmate\1.7.3\classmate-1.7.3.jar;C:\Users\hajar\.m2\repository\com\mysql\mysql-connector-j\9.7.0\mysql-connector-j-9.7.0.jar;C:\Users\hajar\.m2\repository\org\hibernate\orm\hibernate-spatial\7.4.1.Final\hibernate-spatial-7.4.1.Final.jar;C:\Users\hajar\.m2\repository\org\hibernate\orm\hibernate-core\7.4.1.Final\hibernate-core-7.4.1.Final.jar;C:\Users\hajar\.m2\repository\jakarta\persistence\jakarta.persistence-api\3.2.0\jakarta.persistence-api-3.2.0.jar;C:\Users\hajar\.m2\repository\jakarta\transaction\jakarta.transaction-api\2.0.1\jakarta.transaction-api-2.0.1.jar;C:\Users\hajar\.m2\repository\org\hibernate\models\hibernate-models\1.1.1\hibernate-models-1.1.1.jar;C:\Users\hajar\.m2\repository\net\bytebuddy\byte-buddy\1.18.10\byte-buddy-1.18.10.jar;C:\Users\hajar\.m2\repository\org\glassfish\jaxb\jaxb-runtime\4.0.9\jaxb-runtime-4.0.9.jar;C:\Users\hajar\.m2\repository\org\glassfish\jaxb\jaxb-core\4.0.9\jaxb-core-4.0.9.jar;C:\Users\hajar\.m2\repository\org\eclipse\angus\angus-activation\2.0.3\angus-activation-2.0.3.jar;C:\Users\hajar\.m2\repository\org\glassfish\jaxb\txw2\4.0.9\txw2-4.0.9.jar;C:\Users\hajar\.m2\repository\com\sun\istack\istack-commons-runtime\4.1.2\istack-commons-runtime-4.1.2.jar;C:\Users\hajar\.m2\repository\jakarta\inject\jakarta.inject-api\2.0.1\jakarta.inject-api-2.0.1.jar;C:\Users\hajar\.m2\repository\org\antlr\antlr4-runtime\4.13.2\antlr4-runtime-4.13.2.jar;C:\Users\hajar\.m2\repository\org\geolatte\geolatte-geom\1.11\geolatte-geom-1.11.jar;C:\Users\hajar\.m2\repository\org\slf4j\slf4j-api\2.0.18\slf4j-api-2.0.18.jar;C:\Users\hajar\.m2\repository\org\jboss\logging\jboss-logging\3.6.3.Final\jboss-logging-3.6.3.Final.jar;C:\Users\hajar\.m2\repository\org\locationtech\jts\jts-core\1.20.0\jts-core-1.20.0.jar;C:\Users\hajar\.m2\repository\io\hypersistence\hypersistence-utils-hibernate-70\3.15.3\hypersistence-utils-hibernate-70-3.15.3.jar;C:\Users\hajar\.m2\repository\jakarta\xml\bind\jakarta.xml.bind-api\4.0.5\jakarta.xml.bind-api-4.0.5.jar;C:\Users\hajar\.m2\repository\jakarta\activation\jakarta.activation-api\2.1.4\jakarta.activation-api-2.1.4.jar;C:\Users\hajar\.m2\repository\io\hypersistence\hypersistence-tsid\2.1.4\hypersistence-tsid-2.1.4.jar;C:\Users\hajar\.m2\repository\org\flywaydb\flyway-core\12.4.0\flyway-core-12.4.0.jar;C:\Users\hajar\.m2\repository\tools\jackson\core\jackson-databind\3.1.4\jackson-databind-3.1.4.jar;C:\Users\hajar\.m2\repository\com\fasterxml\jackson\core\jackson-annotations\2.21\jackson-annotations-2.21.jar;C:\Users\hajar\.m2\repository\tools\jackson\core\jackson-core\3.1.4\jackson-core-3.1.4.jar;C:\Users\hajar\.m2\repository\org\flywaydb\flyway-mysql\12.4.0\flyway-mysql-12.4.0.jar;C:\Users\hajar\.m2\repository\org\springframework\boot\spring-boot-starter-security\4.1.0\spring-boot-starter-security-4.1.0.jar;C:\Users\hajar\.m2\repository\org\springframework\boot\spring-boot-security\4.1.0\spring-boot-security-4.1.0.jar;C:\Users\hajar\.m2\repository\org\springframework\security\spring-security-config\7.1.0\spring-security-config-7.1.0.jar;C:\Users\hajar\.m2\repository\org\springframework\security\spring-security-core\7.1.0\spring-security-core-7.1.0.jar;C:\Users\hajar\.m2\repository\org\springframework\security\spring-security-crypto\7.1.0\spring-security-crypto-7.1.0.jar;C:\Users\hajar\.m2\repository\org\springframework\security\spring-security-web\7.1.0\spring-security-web-7.1.0.jar;C:\Users\hajar\.m2\repository\org\springframework\spring-aop\7.0.8\spring-aop-7.0.8.jar;C:\Users\hajar\.m2\repository\org\springframework\spring-beans\7.0.8\spring-beans-7.0.8.jar;C:\Users\hajar\.m2\repository\io\jsonwebtoken\jjwt-api\0.12.6\jjwt-api-0.12.6.jar;C:\Users\hajar\.m2\repository\io\jsonwebtoken\jjwt-impl\0.12.6\jjwt-impl-0.12.6.jar;C:\Users\hajar\.m2\repository\io\jsonwebtoken\jjwt-jackson\0.12.6\jjwt-jackson-0.12.6.jar;C:\Users\hajar\.m2\repository\com\fasterxml\jackson\core\jackson-databind\2.21.4\jackson-databind-2.21.4.jar;C:\Users\hajar\.m2\repository\com\fasterxml\jackson\core\jackson-core\2.21.4\jackson-core-2.21.4.jar
Launcher Type: SUN_STANDARD

[Global flags]
     bool AOTAdapterCaching                        = false                                  {diagnostic} {ergonomic}
     bool AOTInvokeDynamicLinking                  = false                                  {diagnostic} {ergonomic}
     bool AOTRecordTraining                        = false                                  {diagnostic} {ergonomic}
     bool AOTReplayTraining                        = false                                  {diagnostic} {ergonomic}
     bool AOTStubCaching                           = false                                  {diagnostic} {ergonomic}
     intx CICompilerCount                          = 4                                         {product} {ergonomic}
     uint ConcGCThreads                            = 3                                         {product} {ergonomic}
     uint G1ConcRefinementThreads                  = 10                                        {product} {ergonomic}
     uint G1EagerReclaimRemSetThreshold            = 10                                   {experimental} {ergonomic}
   size_t G1HeapRegionSize                         = 1048576                                   {product} {ergonomic}
     uint G1RemSetArrayOfCardsEntries              = 10                                   {experimental} {ergonomic}
     uint G1RemSetHowlMaxNumBuckets                = 8                                    {experimental} {ergonomic}
     uint G1RemSetHowlNumBuckets                   = 4                                    {experimental} {ergonomic}
   size_t InitialHeapSize                          = 8388608                                   {product} {ergonomic}
     bool IntelJccErratumMitigation                = false                             {ARCH diagnostic} {ergonomic}
   size_t MarkStackSize                            = 4194304                                   {product} {ergonomic}
   size_t MarkStackSizeMax                         = 536870912                                 {product} {ergonomic}
   size_t MaxHeapSize                              = 2061500416                                {product} {ergonomic}
   size_t MaxNewSize                               = 1236271104                                {product} {ergonomic}
 uint64_t MaxRAM                                   = 8245329920                                {product} {ergonomic}
   size_t MinHeapDeltaBytes                        = 1048576                                   {product} {ergonomic}
   size_t MinHeapSize                              = 8388608                                   {product} {ergonomic}
   size_t NonNMethodCodeHeapSize                   = 4096                                   {pd product} {ergonomic}
   size_t NonProfiledCodeHeapSize                  = 0                                      {pd product} {ergonomic}
     bool ProfileInterpreter                       = false                                  {pd product} {command line}
   size_t ProfiledCodeHeapSize                     = 0                                      {pd product} {ergonomic}
   size_t SoftMaxHeapSize                          = 2061500416                             {manageable} {ergonomic}
     intx TieredStopAtLevel                        = 1                                         {product} {command line}
     bool UseCompressedOops                        = true                           {product lp64_product} {ergonomic}
     bool UseCondCardMark                          = true                                      {product} {ergonomic}
     bool UseFastUnorderedTimeStamps               = true                                 {experimental} {ergonomic}
     bool UseG1GC                                  = true                                      {product} {ergonomic}
     bool UseLargePagesIndividualAllocation        = false                                  {pd product} {ergonomic}
      int X86ICacheSync                            = 3                                 {ARCH diagnostic} {ergonomic}

Logging:
Log output configuration:
 #0: stdout all=warning uptime,level,tags foldmultilines=false
 #1: stderr all=off uptime,level,tags foldmultilines=false

Release file:
IMPLEMENTOR="Oracle Corporation" 
JAVA_RUNTIME_VERSION="26+35-2893" 
JAVA_VERSION="26" 
JAVA_VERSION_DATE="2026-03-17" 
LIBC="default" 
MODULES="java.base java.compiler java.datatransfer java.xml java.prefs java.desktop java.instrument java.logging java.management java.security.sasl java.naming java.rmi java.management.rmi java.net.http java.scripting java.security.jgss java.transaction.xa java.sql java.sql.rowset java.xml.crypto java.se java.smartcardio jdk.accessibility jdk.internal.jvmstat jdk.attach jdk.charsets jdk.internal.opt jdk.zipfs jdk.compiler jdk.crypto.cryptoki jdk.crypto.ec jdk.crypto.mscapi jdk.dynalink jdk.internal.ed jdk.editpad jdk.internal.vm.ci jdk.graal.compiler jdk.graal.compiler.management jdk.hotspot.agent jdk.httpserver jdk.incubator.vector jdk.internal.le jdk.internal.md jdk.jartool jdk.javadoc jdk.jcmd jdk.management jdk.management.agent jdk.jconsole jdk.jdeps jdk.jdwp.agent jdk.jdi jdk.jfr jdk.jlink jdk.jpackage jdk.jshell jdk.jstatd jdk.localedata jdk.management.jfr jdk.naming.dns jdk.naming.rmi jdk.net jdk.nio.mapmode jdk.sctp jdk.security.auth jdk.security.jgss jdk.unsupported jdk.unsupported.desktop jdk.xml.dom" 
OS_ARCH="x86_64" 
OS_NAME="Windows" 
SOURCE=".:git:4408cd2a07a1" 

Environment Variables:
PATH=C:\Python314\Scripts\;C:\Python314\;C:\Program Files\Common Files\Oracle\Java\javapath;C:\Program Files (x86)\Common Files\Oracle\Java\javapath;C:\WINDOWS\system32;C:\WINDOWS;C:\WINDOWS\System32\Wbem;C:\WINDOWS\System32\WindowsPowerShell\v1.0\;C:\WINDOWS\System32\OpenSSH\;C:\Program Files\dotnet\;C:\Program Files\Git\cmd;C:\Program Files (x86)\Microsoft SQL Server\170\Tools\Binn\;C:\Program Files\Microsoft SQL Server\170\Tools\Binn\;C:\Program Files\Microsoft SQL Server\Client SDK\ODBC\180\Tools\Binn\;C:\Program Files\Microsoft SQL Server\170\DTS\Binn\;C:\Program Files\MySQL\MySQL Server 8.0\bin;;C:\Program Files\Docker\Docker\resources\bin;C:\Program Files\nodejs\;C:\ProgramData\chocolatey\bin;C:\Program Files\MySQL\MySQL Shell 8.0\bin\;C:\Users\hajar\AppData\Local\Microsoft\WindowsApps;C:\Users\hajar\AppData\Local\Programs\Microsoft VS Code\bin;C:\Users\hajar\.dotnet\tools;C:\Program Files\JetBrains\IntelliJ IDEA 2025.3.4\bin;C:\Users\hajar\AppData\Roaming\npm;C:\Users\hajar\AppData\Local\Programs\cursor\resources\app\bin
USERNAME=hajar
OS=Windows_NT
PROCESSOR_IDENTIFIER=Intel64 Family 6 Model 154 Stepping 4, GenuineIntel
TMP=C:\Users\hajar\AppData\Local\Temp
TEMP=C:\Users\hajar\AppData\Local\Temp




Compilation memory statistics disabled.

Periodic native trim disabled

---------------  S Y S T E M  ---------------

OS:
 Windows 11 , 64 bit Build 26100 (10.0.26100.8972)
OS uptime: 1 days 4:41 hours
Hyper-V role detected

CPU: total 12 (initial active 12) (hybrid) family 6 model 154 stepping 4 microcode 0x42c, cx8, cmov, fxsr, ht, mmx, 3dnowpref, sse, sse2, sse3, ssse3, sse4.1, sse4.2, popcnt, lzcnt, tsc, tscinvbit, avx, avx2, aes, erms, clmul, bmi1, bmi2, adx, sha, fma, vzeroupper, clflush, clflushopt, clwb, hv, serialize, rdtscp, rdpid, fsrm, gfni, f16c, cet_ibt, cet_ss, hybrid
Processor Information for processor 0
  Max Mhz: 1300, Current Mhz: 1300, Mhz Limit: 1300
Processor Information for processor 1
  Max Mhz: 1300, Current Mhz: 1300, Mhz Limit: 1300
Processor Information for processor 2
  Max Mhz: 1300, Current Mhz: 1300, Mhz Limit: 1300
Processor Information for processor 3
  Max Mhz: 1300, Current Mhz: 1300, Mhz Limit: 1300
Processor Information for processor 4
  Max Mhz: 1300, Current Mhz: 900, Mhz Limit: 897
Processor Information for processor 5
  Max Mhz: 1300, Current Mhz: 900, Mhz Limit: 897
Processor Information for processor 6
  Max Mhz: 1300, Current Mhz: 900, Mhz Limit: 897
Processor Information for processor 7
  Max Mhz: 1300, Current Mhz: 900, Mhz Limit: 897
Processor Information for processor 8
  Max Mhz: 1300, Current Mhz: 900, Mhz Limit: 897
Processor Information for processor 9
  Max Mhz: 1300, Current Mhz: 900, Mhz Limit: 897
Processor Information for processor 10
  Max Mhz: 1300, Current Mhz: 900, Mhz Limit: 897
Processor Information for processor 11
  Max Mhz: 1300, Current Mhz: 900, Mhz Limit: 897

Memory: 4k page, system-wide physical 7863M (75M free)
TotalPageFile size 32439M (AvailPageFile size 0M)
current process WorkingSet (physical memory assigned to process): 216M, peak: 225M
current process commit charge ("private bytes"): 427M, peak: 835M

vm_info: OpenJDK 64-Bit Server VM (26+35-2893) for windows-amd64 JRE (26+35-2893), built on 2026-02-12T17:04:02Z with MS VC++ 17.13 (VS2022)

END.
